Component: ARM Compiler 5.06 update 7 (build 960) Tool: armlink [4d3601]

==============================================================================

Section Cross References

    motor.o(i.increase_speed_progressively) refers to motor.o(i.forward_motors) for forward_motors
    motor.o(i.increase_speed_progressively) refers to motor.o(.data) for next_stage
    motor.o(i.init_motor_timer) refers to motor.o(i.__NVIC_SetPriority) for __NVIC_SetPriority
    motor.o(i.reverse_motors) refers to general.o(i.millis) for millis
    motor.o(i.reverse_motors) refers to motor.o(.data) for last_run
    main.o(i.carDefaultRoutine) refers to general.o(i.millis) for millis
    main.o(i.carDefaultRoutine) refers to main.o(i.__ARM_common_switch8) for __ARM_common_switch8
    main.o(i.carDefaultRoutine) refers to motor.o(i.forward_motors) for forward_motors
    main.o(i.carDefaultRoutine) refers to motor.o(i.turn_car_left) for turn_car_left
    main.o(i.carDefaultRoutine) refers to motor.o(i.turn_car_right) for turn_car_right
    main.o(i.carDefaultRoutine) refers to motor.o(i.reverse_motors) for reverse_motors
    main.o(i.carDefaultRoutine) refers to motor.o(i.stop_car) for stop_car
    main.o(i.carDefaultRoutine) refers to main.o(.data) for next_state
    main.o(i.main) refers to _printf_percent.o(.ARM.Collect$$_printf_percent$$00000000) for _printf_percent
    main.o(i.main) refers to _printf_d.o(.ARM.Collect$$_printf_percent$$00000009) for _printf_d
    main.o(i.main) refers to _printf_dec.o(.text) for _printf_int_dec
    main.o(i.main) refers to queue.o(i.Q_Init) for Q_Init
    main.o(i.main) refers to serial.o(i.init_bluetooth_pins) for init_bluetooth_pins
    main.o(i.main) refers to serial.o(i.Init_UART) for Init_UART
    main.o(i.main) refers to general.o(i.systick_clock) for systick_clock
    main.o(i.main) refers to motor.o(i.init_motor_control_lines) for init_motor_control_lines
    main.o(i.main) refers to motor.o(i.init_motor_timer) for init_motor_timer
    main.o(i.main) refers to led.o(i.init_leds) for init_leds
    main.o(i.main) refers to lcd.o(i.init_lcd_pins) for init_lcd_pins
    main.o(i.main) refers to ultrasonic.o(i.init_ultrasonic_pins) for init_ultrasonic_pins
    main.o(i.main) refers to ultrasonic.o(i.init_ultrasonic_timer) for init_ultrasonic_timer
    main.o(i.main) refers to lcd.o(i.lcd_init) for lcd_init
    main.o(i.main) refers to lcd.o(i.lcd_clear) for lcd_clear
    main.o(i.main) refers to lcd.o(i.lcd_goto) for lcd_goto
    main.o(i.main) refers to lcd.o(i.lcd_write_string) for lcd_write_string
    main.o(i.main) refers to serial.o(i.doTxRx_task) for doTxRx_task
    main.o(i.main) refers to led.o(i.flashEmergencyLights) for flashEmergencyLights
    main.o(i.main) refers to dflti.o(.text) for __aeabi_ui2d
    main.o(i.main) refers to dmul.o(.text) for __aeabi_dmul
    main.o(i.main) refers to dfixui.o(.text) for __aeabi_d2uiz
    main.o(i.main) refers to noretval__2sprintf.o(.text) for __2sprintf
    main.o(i.main) refers to ultrasonic.o(i.raise_obstacle_alarm) for raise_obstacle_alarm
    main.o(i.main) refers to serial.o(.bss) for TxQ
    main.o(i.main) refers to ultrasonic.o(.data) for interval
    main.o(i.main) refers to main.o(.bss) for buffer
    general.o(i.SysTick_Handler) refers to general.o(.data) for counter
    general.o(i.millis) refers to general.o(.data) for counter
    led.o(i.flashEmergencyLights) refers to general.o(i.millis) for millis
    led.o(i.flashEmergencyLights) refers to main.o(i.__ARM_common_switch8) for __ARM_common_switch8
    led.o(i.flashEmergencyLights) refers to led.o(.data) for next_state
    led.o(i.measure_POT) refers to aeabi_sdiv.o(.text) for __aeabi_uidivmod
    lcd.o(i.lcd_clear) refers to lcd.o(i.delay_ms) for delay_ms
    lcd.o(i.lcd_clear) refers to lcd.o(i.lcd_write_instruc) for lcd_write_instruc
    lcd.o(i.lcd_goto) refers to lcd.o(i.delay_ms) for delay_ms
    lcd.o(i.lcd_goto) refers to lcd.o(i.lcd_write_instruc) for lcd_write_instruc
    lcd.o(i.lcd_init) refers to lcd.o(i.delay_ms) for delay_ms
    lcd.o(i.lcd_init) refers to lcd.o(i.lcd_write_instruc) for lcd_write_instruc
    lcd.o(i.lcd_scroll_right) refers to lcd.o(i.lcd_clear) for lcd_clear
    lcd.o(i.lcd_scroll_right) refers to lcd.o(i.lcd_goto) for lcd_goto
    lcd.o(i.lcd_scroll_right) refers to lcd.o(i.lcd_write_string) for lcd_write_string
    lcd.o(i.lcd_scroll_right) refers to lcd.o(.data) for column_position
    lcd.o(i.lcd_scroll_screen) refers to strlen.o(.text) for strlen
    lcd.o(i.lcd_scroll_screen) refers to lcd.o(i.lcd_write_string) for lcd_write_string
    lcd.o(i.lcd_scroll_screen) refers to lcd.o(i.lcd_write_instruc) for lcd_write_instruc
    lcd.o(i.lcd_scroll_screen) refers to lcd.o(i.delay_ms) for delay_ms
    lcd.o(i.lcd_scroll_screen) refers to lcd.o(i.lcd_write_char) for lcd_write_char
    lcd.o(i.lcd_write_char) refers to lcd.o(i.delay_ms) for delay_ms
    lcd.o(i.lcd_write_char) refers to lcd.o(i.write_to_data_pins) for write_to_data_pins
    lcd.o(i.lcd_write_instruc) refers to lcd.o(i.delay_ms) for delay_ms
    lcd.o(i.lcd_write_instruc) refers to lcd.o(i.write_to_data_pins) for write_to_data_pins
    lcd.o(i.lcd_write_string) refers to lcd.o(i.delay_ms) for delay_ms
    lcd.o(i.lcd_write_string) refers to lcd.o(i.lcd_write_char) for lcd_write_char
    ultrasonic.o(i.TPM1_IRQHandler) refers to ultrasonic.o(.data) for ctr
    ultrasonic.o(i.init_ultrasonic_timer) refers to ultrasonic.o(i.__NVIC_SetPriority) for __NVIC_SetPriority
    ultrasonic.o(i.raise_obstacle_alarm) refers to general.o(i.millis) for millis
    ultrasonic.o(i.raise_obstacle_alarm) refers to ultrasonic.o(.data) for distance
    serial.o(i.Init_UART) refers to serial.o(i.__NVIC_SetPriority) for __NVIC_SetPriority
    serial.o(i.Init_UART) refers to serial.o(i.__NVIC_ClearPendingIRQ) for __NVIC_ClearPendingIRQ
    serial.o(i.Init_UART) refers to serial.o(i.__NVIC_EnableIRQ) for __NVIC_EnableIRQ
    serial.o(i.Init_UART) refers to serial.o(.data) for sbr
    serial.o(i.Init_UART_fuller) refers to serial.o(i.__NVIC_SetPriority) for __NVIC_SetPriority
    serial.o(i.Init_UART_fuller) refers to serial.o(i.__NVIC_ClearPendingIRQ) for __NVIC_ClearPendingIRQ
    serial.o(i.Init_UART_fuller) refers to serial.o(i.__NVIC_EnableIRQ) for __NVIC_EnableIRQ
    serial.o(i.Init_UART_fuller) refers to serial.o(.data) for sbr
    serial.o(i.UART0_IRQHandler) refers to serial.o(i.carBluetoothControl) for carBluetoothControl
    serial.o(i.UART0_IRQHandler) refers to queue.o(i.Q_Full) for Q_Full
    serial.o(i.UART0_IRQHandler) refers to queue.o(i.Q_Enqueue) for Q_Enqueue
    serial.o(i.UART0_IRQHandler) refers to queue.o(i.Q_Empty) for Q_Empty
    serial.o(i.UART0_IRQHandler) refers to queue.o(i.Q_Dequeue) for Q_Dequeue
    serial.o(i.UART0_IRQHandler) refers to serial.o(.data) for rxChar
    serial.o(i.UART0_IRQHandler) refers to serial.o(.bss) for RxQ
    serial.o(i.carBluetoothControl) refers to motor.o(i.forward_motors) for forward_motors
    serial.o(i.carBluetoothControl) refers to motor.o(i.reverse_motors) for reverse_motors
    serial.o(i.carBluetoothControl) refers to motor.o(i.turn_car_left) for turn_car_left
    serial.o(i.carBluetoothControl) refers to motor.o(i.turn_car_right) for turn_car_right
    serial.o(i.carBluetoothControl) refers to motor.o(i.slow_down) for slow_down
    serial.o(i.carBluetoothControl) refers to motor.o(i.move_faster) for move_faster
    serial.o(i.carBluetoothControl) refers to motor.o(i.stop_car) for stop_car
    serial.o(i.carBluetoothControl) refers to serial.o(.data) for rxChar
    serial.o(i.doTxRx_task) refers to _printf_percent.o(.ARM.Collect$$_printf_percent$$00000000) for _printf_percent
    serial.o(i.doTxRx_task) refers to _printf_c.o(.ARM.Collect$$_printf_percent$$00000013) for _printf_c
    serial.o(i.doTxRx_task) refers to _printf_str.o(.text) for _printf_str
    serial.o(i.doTxRx_task) refers to queue.o(i.Q_Size) for Q_Size
    serial.o(i.doTxRx_task) refers to queue.o(i.Q_Dequeue) for Q_Dequeue
    serial.o(i.doTxRx_task) refers to noretval__2sprintf.o(.text) for __2sprintf
    serial.o(i.doTxRx_task) refers to queue.o(i.Q_Full) for Q_Full
    serial.o(i.doTxRx_task) refers to queue.o(i.Q_Enqueue) for Q_Enqueue
    serial.o(i.doTxRx_task) refers to serial.o(.bss) for RxQ
    queue.o(i.Q_Dequeue) refers to queue.o(i.Q_Empty) for Q_Empty
    queue.o(i.Q_Enqueue) refers to queue.o(i.Q_Full) for Q_Full
    startup_mkl25z4.o(STACK) refers (Special) to heapauxi.o(.text) for __use_two_region_memory
    startup_mkl25z4.o(HEAP) refers (Special) to heapauxi.o(.text) for __use_two_region_memory
    startup_mkl25z4.o(RESET) refers (Special) to heapauxi.o(.text) for __use_two_region_memory
    startup_mkl25z4.o(RESET) refers to startup_mkl25z4.o(STACK) for __initial_sp
    startup_mkl25z4.o(RESET) refers to startup_mkl25z4.o(.text) for Reset_Handler
    startup_mkl25z4.o(RESET) refers to general.o(i.SysTick_Handler) for SysTick_Handler
    startup_mkl25z4.o(RESET) refers to serial.o(i.UART0_IRQHandler) for UART0_IRQHandler
    startup_mkl25z4.o(RESET) refers to ultrasonic.o(i.TPM1_IRQHandler) for TPM1_IRQHandler
    startup_mkl25z4.o(RESET) refers to motor.o(i.TPM2_IRQHandler) for TPM2_IRQHandler
    startup_mkl25z4.o(.ARM.__at_0x400) refers (Special) to heapauxi.o(.text) for __use_two_region_memory
    startup_mkl25z4.o(.text) refers (Special) to heapauxi.o(.text) for __use_two_region_memory
    startup_mkl25z4.o(.text) refers to system_mkl25z4.o(i.SystemInit) for SystemInit
    startup_mkl25z4.o(.text) refers to __main.o(!!!main) for __main
    startup_mkl25z4.o(.text) refers to startup_mkl25z4.o(HEAP) for Heap_Mem
    startup_mkl25z4.o(.text) refers to startup_mkl25z4.o(STACK) for Stack_Mem
    system_mkl25z4.o(i.SystemCoreClockUpdate) refers to aeabi_sdiv.o(.text) for __aeabi_uidivmod
    system_mkl25z4.o(i.SystemCoreClockUpdate) refers to main.o(i.__ARM_common_switch8) for __ARM_common_switch8
    system_mkl25z4.o(i.SystemCoreClockUpdate) refers to system_mkl25z4.o(.data) for SystemCoreClock
    __2sprintf.o(.text) refers to _printf_char_common.o(.text) for _printf_char_common
    __2sprintf.o(.text) refers to _sputc.o(.text) for _sputc
    noretval__2sprintf.o(.text) refers to _printf_char_common.o(.text) for _printf_char_common
    noretval__2sprintf.o(.text) refers to _sputc.o(.text) for _sputc
    __printf.o(.text) refers to _printf_percent.o(.ARM.Collect$$_printf_percent$$00000000) for _printf_percent
    _printf_str.o(.text) refers (Special) to _printf_char.o(.text) for _printf_cs_common
    _printf_dec.o(.text) refers to rtudiv10.o(.text) for __rt_udiv10
    _printf_dec.o(.text) refers to _printf_intcommon.o(.text) for _printf_int_common
    __printf_flags.o(.text) refers to _printf_percent.o(.ARM.Collect$$_printf_percent$$00000000) for _printf_percent
    __printf_flags.o(.text) refers to __printf_flags.o(.constdata) for .constdata
    __printf_ss.o(.text) refers to _printf_percent.o(.ARM.Collect$$_printf_percent$$00000000) for _printf_percent
    __printf_flags_ss.o(.text) refers to _printf_percent.o(.ARM.Collect$$_printf_percent$$00000000) for _printf_percent
    __printf_flags_ss.o(.text) refers to __printf_flags_ss.o(.constdata) for .constdata
    __printf_wp.o(.text) refers to __printf_wp.o(i._is_digit) for _is_digit
    __printf_wp.o(.text) refers to _printf_percent.o(.ARM.Collect$$_printf_percent$$00000000) for _printf_percent
    __printf_flags_wp.o(.text) refers to __printf_wp.o(i._is_digit) for _is_digit
    __printf_flags_wp.o(.text) refers to _printf_percent.o(.ARM.Collect$$_printf_percent$$00000000) for _printf_percent
    __printf_flags_wp.o(.text) refers to __printf_flags_wp.o(.constdata) for .constdata
    __printf_ss_wp.o(.text) refers to __printf_wp.o(i._is_digit) for _is_digit
    __printf_ss_wp.o(.text) refers to _printf_percent.o(.ARM.Collect$$_printf_percent$$00000000) for _printf_percent
    __printf_flags_ss_wp.o(.text) refers to __printf_wp.o(i._is_digit) for _is_digit
    __printf_flags_ss_wp.o(.text) refers to _printf_percent.o(.ARM.Collect$$_printf_percent$$00000000) for _printf_percent
    __printf_flags_ss_wp.o(.text) refers to __printf_flags_ss_wp.o(.constdata) for .constdata
    _printf_c.o(.ARM.Collect$$_printf_percent$$00000013) refers (Weak) to _printf_char.o(.text) for _printf_char
    _printf_d.o(.ARM.Collect$$_printf_percent$$00000009) refers (Weak) to _printf_dec.o(.text) for _printf_int_dec
    _printf_percent.o(.ARM.Collect$$_printf_percent$$00000000) refers (Special) to _printf_percent_end.o(.ARM.Collect$$_printf_percent$$00000017) for _printf_percent_end
    __main.o(!!!main) refers to __rtentry.o(.ARM.Collect$$rtentry$$00000000) for __rt_entry
    dfixui.o(.text) refers (Special) to usenofp.o(x$fpl$usenofp) for __I$use$fp
    dflti.o(.text) refers (Special) to usenofp.o(x$fpl$usenofp) for __I$use$fp
    dmul.o(.text) refers (Special) to usenofp.o(x$fpl$usenofp) for __I$use$fp
    __rtentry.o(.ARM.Collect$$rtentry$$00000000) refers (Special) to __rtentry2.o(.ARM.Collect$$rtentry$$0000000A) for __rt_entry_li
    __rtentry.o(.ARM.Collect$$rtentry$$00000000) refers (Special) to __rtentry2.o(.ARM.Collect$$rtentry$$0000000D) for __rt_entry_main
    __rtentry.o(.ARM.Collect$$rtentry$$00000000) refers (Special) to __rtentry2.o(.ARM.Collect$$rtentry$$0000000C) for __rt_entry_postli_1
    __rtentry.o(.ARM.Collect$$rtentry$$00000000) refers (Special) to __rtentry2.o(.ARM.Collect$$rtentry$$00000009) for __rt_entry_postsh_1
    __rtentry.o(.ARM.Collect$$rtentry$$00000000) refers (Special) to __rtentry2.o(.ARM.Collect$$rtentry$$00000002) for __rt_entry_presh_1
    __rtentry.o(.ARM.Collect$$rtentry$$00000000) refers (Special) to __rtentry4.o(.ARM.Collect$$rtentry$$00000004) for __rt_entry_sh
    aeabi_idiv0_sigfpe.o(.text) refers to rt_div0.o(.text) for __rt_div0
    _printf_char_common.o(.text) refers to __printf.o(.text) for __printf
    _printf_char.o(.text) refers (Weak) to _printf_str.o(.text) for _printf_str
    __rtentry2.o(.ARM.Collect$$rtentry$$00000008) refers to boardinit2.o(.text) for _platform_post_stackheap_init
    __rtentry2.o(.ARM.Collect$$rtentry$$0000000A) refers to libinit.o(.ARM.Collect$$libinit$$00000000) for __rt_lib_init
    __rtentry2.o(.ARM.Collect$$rtentry$$0000000B) refers to boardinit3.o(.text) for _platform_post_lib_init
    __rtentry2.o(.ARM.Collect$$rtentry$$0000000D) refers to main.o(i.main) for main
    __rtentry2.o(.ARM.Collect$$rtentry$$0000000D) refers to exit.o(.text) for exit
    __rtentry2.o(.ARM.exidx) refers to __rtentry2.o(.ARM.Collect$$rtentry$$00000001) for .ARM.Collect$$rtentry$$00000001
    __rtentry2.o(.ARM.exidx) refers to __rtentry2.o(.ARM.Collect$$rtentry$$00000008) for .ARM.Collect$$rtentry$$00000008
    __rtentry2.o(.ARM.exidx) refers to __rtentry2.o(.ARM.Collect$$rtentry$$0000000A) for .ARM.Collect$$rtentry$$0000000A
    __rtentry2.o(.ARM.exidx) refers to __rtentry2.o(.ARM.Collect$$rtentry$$0000000B) for .ARM.Collect$$rtentry$$0000000B
    __rtentry2.o(.ARM.exidx) refers to __rtentry2.o(.ARM.Collect$$rtentry$$0000000D) for .ARM.Collect$$rtentry$$0000000D
    __rtentry4.o(.ARM.Collect$$rtentry$$00000004) refers to sys_stackheap_outer.o(.text) for __user_setup_stackheap
    __rtentry4.o(.ARM.exidx) refers to __rtentry4.o(.ARM.Collect$$rtentry$$00000004) for .ARM.Collect$$rtentry$$00000004
    rt_div0.o(.text) refers to defsig_fpe_outer.o(.text) for __rt_SIGFPE
    sys_stackheap_outer.o(.text) refers to libspace.o(.text) for __user_perproc_libspace
    sys_stackheap_outer.o(.text) refers to startup_mkl25z4.o(.text) for __user_initial_stackheap
    sys_stackheap_outer.o(__vectab_stack_and_reset_area) refers to tempstk.o(.text) for __temporary_stack_top
    sys_stackheap_outer.o(__vectab_stack_and_reset_area) refers to __main.o(!!!main) for __main
    exit.o(.text) refers to rtexit.o(.ARM.Collect$$rtexit$$00000000) for __rt_exit
    defsig_fpe_outer.o(.text) refers to defsig_fpe_inner.o(.text) for __rt_SIGFPE_inner
    defsig_fpe_outer.o(.text) refers to defsig_exit.o(.text) for __sig_exit
    defsig_fpe_formal.o(.text) refers to rt_raise.o(.text) for __rt_raise
    libinit.o(.ARM.Collect$$libinit$$00000000) refers (Special) to libinit2.o(.ARM.Collect$$libinit$$0000002E) for __rt_lib_init_alloca_1
    libinit.o(.ARM.Collect$$libinit$$00000000) refers (Special) to libinit2.o(.ARM.Collect$$libinit$$0000002C) for __rt_lib_init_argv_1
    libinit.o(.ARM.Collect$$libinit$$00000000) refers (Special) to libinit2.o(.ARM.Collect$$libinit$$0000001B) for __rt_lib_init_atexit_1
    libinit.o(.ARM.Collect$$libinit$$00000000) refers (Special) to libinit2.o(.ARM.Collect$$libinit$$00000021) for __rt_lib_init_clock_1
    libinit.o(.ARM.Collect$$libinit$$00000000) refers (Special) to libinit2.o(.ARM.Collect$$libinit$$00000032) for __rt_lib_init_cpp_1
    libinit.o(.ARM.Collect$$libinit$$00000000) refers (Special) to libinit2.o(.ARM.Collect$$libinit$$00000030) for __rt_lib_init_exceptions_1
    libinit.o(.ARM.Collect$$libinit$$00000000) refers (Special) to libinit2.o(.ARM.Collect$$libinit$$00000002) for __rt_lib_init_fp_1
    libinit.o(.ARM.Collect$$libinit$$00000000) refers (Special) to libinit2.o(.ARM.Collect$$libinit$$0000001F) for __rt_lib_init_fp_trap_1
    libinit.o(.ARM.Collect$$libinit$$00000000) refers (Special) to libinit2.o(.ARM.Collect$$libinit$$00000023) for __rt_lib_init_getenv_1
    libinit.o(.ARM.Collect$$libinit$$00000000) refers (Special) to libinit2.o(.ARM.Collect$$libinit$$0000000A) for __rt_lib_init_heap_1
    libinit.o(.ARM.Collect$$libinit$$00000000) refers (Special) to libinit2.o(.ARM.Collect$$libinit$$00000011) for __rt_lib_init_lc_collate_1
    libinit.o(.ARM.Collect$$libinit$$00000000) refers (Special) to libinit2.o(.ARM.Collect$$libinit$$00000013) for __rt_lib_init_lc_ctype_1
    libinit.o(.ARM.Collect$$libinit$$00000000) refers (Special) to libinit2.o(.ARM.Collect$$libinit$$00000015) for __rt_lib_init_lc_monetary_1
    libinit.o(.ARM.Collect$$libinit$$00000000) refers (Special) to libinit2.o(.ARM.Collect$$libinit$$00000017) for __rt_lib_init_lc_numeric_1
    libinit.o(.ARM.Collect$$libinit$$00000000) refers (Special) to libinit2.o(.ARM.Collect$$libinit$$00000019) for __rt_lib_init_lc_time_1
    libinit.o(.ARM.Collect$$libinit$$00000000) refers (Special) to libinit2.o(.ARM.Collect$$libinit$$00000004) for __rt_lib_init_preinit_1
    libinit.o(.ARM.Collect$$libinit$$00000000) refers (Special) to libinit2.o(.ARM.Collect$$libinit$$0000000E) for __rt_lib_init_rand_1
    libinit.o(.ARM.Collect$$libinit$$00000000) refers (Special) to libinit2.o(.ARM.Collect$$libinit$$00000033) for __rt_lib_init_return
    libinit.o(.ARM.Collect$$libinit$$00000000) refers (Special) to libinit2.o(.ARM.Collect$$libinit$$0000001D) for __rt_lib_init_signal_1
    libinit.o(.ARM.Collect$$libinit$$00000000) refers (Special) to libinit2.o(.ARM.Collect$$libinit$$00000025) for __rt_lib_init_stdio_1
    libinit.o(.ARM.Collect$$libinit$$00000000) refers (Special) to libinit2.o(.ARM.Collect$$libinit$$0000000C) for __rt_lib_init_user_alloc_1
    libspace.o(.text) refers to libspace.o(.bss) for __libspace_start
    rtexit.o(.ARM.Collect$$rtexit$$00000000) refers (Special) to rtexit2.o(.ARM.Collect$$rtexit$$00000004) for __rt_exit_exit
    rtexit.o(.ARM.Collect$$rtexit$$00000000) refers (Special) to rtexit2.o(.ARM.Collect$$rtexit$$00000003) for __rt_exit_ls
    rtexit.o(.ARM.Collect$$rtexit$$00000000) refers (Special) to rtexit2.o(.ARM.Collect$$rtexit$$00000002) for __rt_exit_prels_1
    rtexit.o(.ARM.exidx) refers (Special) to rtexit2.o(.ARM.Collect$$rtexit$$00000004) for __rt_exit_exit
    rtexit.o(.ARM.exidx) refers (Special) to rtexit2.o(.ARM.Collect$$rtexit$$00000003) for __rt_exit_ls
    rtexit.o(.ARM.exidx) refers (Special) to rtexit2.o(.ARM.Collect$$rtexit$$00000002) for __rt_exit_prels_1
    rtexit.o(.ARM.exidx) refers to rtexit.o(.ARM.Collect$$rtexit$$00000000) for .ARM.Collect$$rtexit$$00000000
    rt_raise.o(.text) refers to __raise.o(.text) for __raise
    rt_raise.o(.text) refers to sys_exit.o(.text) for _sys_exit
    defsig_exit.o(.text) refers to sys_exit.o(.text) for _sys_exit
    defsig_fpe_inner.o(.text) refers to defsig_general.o(.text) for __default_signal_display
    libinit2.o(.ARM.Collect$$libinit$$00000010) refers to libinit2.o(.ARM.Collect$$libinit$$0000000F) for .ARM.Collect$$libinit$$0000000F
    libinit2.o(.ARM.Collect$$libinit$$00000012) refers to libinit2.o(.ARM.Collect$$libinit$$0000000F) for .ARM.Collect$$libinit$$0000000F
    libinit2.o(.ARM.Collect$$libinit$$00000014) refers to libinit2.o(.ARM.Collect$$libinit$$0000000F) for .ARM.Collect$$libinit$$0000000F
    libinit2.o(.ARM.Collect$$libinit$$00000016) refers to libinit2.o(.ARM.Collect$$libinit$$0000000F) for .ARM.Collect$$libinit$$0000000F
    libinit2.o(.ARM.Collect$$libinit$$00000018) refers to libinit2.o(.ARM.Collect$$libinit$$0000000F) for .ARM.Collect$$libinit$$0000000F
    libinit2.o(.ARM.Collect$$libinit$$00000026) refers to argv_veneer.o(.text) for __ARM_argv_veneer
    libinit2.o(.ARM.Collect$$libinit$$00000027) refers to argv_veneer.o(.text) for __ARM_argv_veneer
    sys_exit.o(.text) refers (Special) to use_no_semi.o(.text) for __I$use$semihosting
    sys_exit.o(.text) refers (Special) to indicate_semi.o(.text) for __semihosting_library_function
    rtexit2.o(.ARM.Collect$$rtexit$$00000003) refers to libshutdown.o(.ARM.Collect$$libshutdown$$00000000) for __rt_lib_shutdown
    rtexit2.o(.ARM.Collect$$rtexit$$00000004) refers to sys_exit.o(.text) for _sys_exit
    rtexit2.o(.ARM.exidx) refers to rtexit2.o(.ARM.Collect$$rtexit$$00000001) for .ARM.Collect$$rtexit$$00000001
    rtexit2.o(.ARM.exidx) refers to rtexit2.o(.ARM.Collect$$rtexit$$00000003) for .ARM.Collect$$rtexit$$00000003
    rtexit2.o(.ARM.exidx) refers to rtexit2.o(.ARM.Collect$$rtexit$$00000004) for .ARM.Collect$$rtexit$$00000004
    __raise.o(.text) refers to defsig.o(CL$$defsig) for __default_signal_handler
    defsig_general.o(.text) refers to sys_wrch.o(.text) for _ttywrch
    sys_wrch.o(.text) refers (Special) to use_no_semi.o(.text) for __I$use$semihosting
    sys_wrch.o(.text) refers (Special) to indicate_semi.o(.text) for __semihosting_library_function
    defsig.o(CL$$defsig) refers to defsig_fpe_inner.o(.text) for __rt_SIGFPE_inner
    defsig.o(CL$$defsig) refers to defsig_rtmem_inner.o(.text) for __rt_SIGRTMEM_inner
    _get_argv_nomalloc.o(.text) refers (Special) to hrguard.o(.text) for __heap_region$guard
    _get_argv_nomalloc.o(.text) refers to defsig_rtmem_outer.o(.text) for __rt_SIGRTMEM
    _get_argv_nomalloc.o(.text) refers to sys_command.o(.text) for _sys_command_string
    libshutdown.o(.ARM.Collect$$libshutdown$$00000000) refers (Special) to libshutdown2.o(.ARM.Collect$$libshutdown$$00000004) for __rt_lib_shutdown_cpp_1
    libshutdown.o(.ARM.Collect$$libshutdown$$00000000) refers (Special) to libshutdown2.o(.ARM.Collect$$libshutdown$$00000002) for __rt_lib_shutdown_fini_1
    libshutdown.o(.ARM.Collect$$libshutdown$$00000000) refers (Special) to libshutdown2.o(.ARM.Collect$$libshutdown$$00000009) for __rt_lib_shutdown_fp_trap_1
    libshutdown.o(.ARM.Collect$$libshutdown$$00000000) refers (Special) to libshutdown2.o(.ARM.Collect$$libshutdown$$00000011) for __rt_lib_shutdown_heap_1
    libshutdown.o(.ARM.Collect$$libshutdown$$00000000) refers (Special) to libshutdown2.o(.ARM.Collect$$libshutdown$$00000012) for __rt_lib_shutdown_return
    libshutdown.o(.ARM.Collect$$libshutdown$$00000000) refers (Special) to libshutdown2.o(.ARM.Collect$$libshutdown$$0000000C) for __rt_lib_shutdown_signal_1
    libshutdown.o(.ARM.Collect$$libshutdown$$00000000) refers (Special) to libshutdown2.o(.ARM.Collect$$libshutdown$$00000006) for __rt_lib_shutdown_stdio_1
    libshutdown.o(.ARM.Collect$$libshutdown$$00000000) refers (Special) to libshutdown2.o(.ARM.Collect$$libshutdown$$0000000E) for __rt_lib_shutdown_user_alloc_1
    sys_command.o(.text) refers (Special) to use_no_semi.o(.text) for __I$use$semihosting
    sys_command.o(.text) refers (Special) to indicate_semi.o(.text) for __semihosting_library_function
    defsig_abrt_inner.o(.text) refers to defsig_general.o(.text) for __default_signal_display
    defsig_rtred_inner.o(.text) refers to defsig_general.o(.text) for __default_signal_display
    defsig_rtmem_inner.o(.text) refers to defsig_general.o(.text) for __default_signal_display
    defsig_rtmem_outer.o(.text) refers to defsig_rtmem_inner.o(.text) for __rt_SIGRTMEM_inner
    defsig_rtmem_outer.o(.text) refers to defsig_exit.o(.text) for __sig_exit
    defsig_rtmem_formal.o(.text) refers to rt_raise.o(.text) for __rt_raise
    defsig_stak_inner.o(.text) refers to defsig_general.o(.text) for __default_signal_display
    defsig_pvfn_inner.o(.text) refers to defsig_general.o(.text) for __default_signal_display
    defsig_cppl_inner.o(.text) refers to defsig_general.o(.text) for __default_signal_display
    defsig_segv_inner.o(.text) refers to defsig_general.o(.text) for __default_signal_display
    defsig_other.o(.text) refers to defsig_general.o(.text) for __default_signal_display


==============================================================================

Removing Unused input sections from the image.

    Removing motor.o(.rev16_text), (4 bytes).
    Removing motor.o(.revsh_text), (4 bytes).
    Removing motor.o(i.increase_speed_progressively), (160 bytes).
    Removing main.o(.rev16_text), (4 bytes).
    Removing main.o(.revsh_text), (4 bytes).
    Removing main.o(i.carDefaultRoutine), (260 bytes).
    Removing main.o(.data), (12 bytes).
    Removing general.o(.rev16_text), (4 bytes).
    Removing general.o(.revsh_text), (4 bytes).
    Removing led.o(.rev16_text), (4 bytes).
    Removing led.o(.revsh_text), (4 bytes).
    Removing led.o(i.init_ADC), (84 bytes).
    Removing led.o(i.measure_POT), (52 bytes).
    Removing lcd.o(.rev16_text), (4 bytes).
    Removing lcd.o(.revsh_text), (4 bytes).
    Removing lcd.o(i.lcd_scroll_right), (60 bytes).
    Removing lcd.o(i.lcd_scroll_screen), (82 bytes).
    Removing lcd.o(.data), (4 bytes).
    Removing ultrasonic.o(.rev16_text), (4 bytes).
    Removing ultrasonic.o(.revsh_text), (4 bytes).
    Removing serial.o(.rev16_text), (4 bytes).
    Removing serial.o(.revsh_text), (4 bytes).
    Removing serial.o(i.Init_UART_fuller), (96 bytes).
    Removing queue.o(.rev16_text), (4 bytes).
    Removing queue.o(.revsh_text), (4 bytes).
    Removing system_mkl25z4.o(.rev16_text), (4 bytes).
    Removing system_mkl25z4.o(.revsh_text), (4 bytes).
    Removing system_mkl25z4.o(i.SystemCoreClockUpdate), (400 bytes).
    Removing system_mkl25z4.o(.data), (4 bytes).

29 unused section(s) (total 1286 bytes) removed from the image.

==============================================================================

Image Symbol Table

    Local Symbols

    Symbol Name                              Value     Ov Type        Size  Object(Section)

    RESET                                    0x00000000   Section      192  startup_mkl25z4.o(RESET)
    ../clib/angel/boardlib.s                 0x00000000   Number         0  boardinit3.o ABSOLUTE
    ../clib/angel/boardlib.s                 0x00000000   Number         0  boardshut.o ABSOLUTE
    ../clib/angel/boardlib.s                 0x00000000   Number         0  boardinit1.o ABSOLUTE
    ../clib/angel/boardlib.s                 0x00000000   Number         0  boardinit2.o ABSOLUTE
    ../clib/angel/handlers.s                 0x00000000   Number         0  __scatter_zi.o ABSOLUTE
    ../clib/angel/handlers.s                 0x00000000   Number         0  __scatter_copy.o ABSOLUTE
    ../clib/angel/kernel.s                   0x00000000   Number         0  rtexit.o ABSOLUTE
    ../clib/angel/kernel.s                   0x00000000   Number         0  rtexit2.o ABSOLUTE
    ../clib/angel/kernel.s                   0x00000000   Number         0  __rtentry2.o ABSOLUTE
    ../clib/angel/kernel.s                   0x00000000   Number         0  __rtentry.o ABSOLUTE
    ../clib/angel/kernel.s                   0x00000000   Number         0  __rtentry4.o ABSOLUTE
    ../clib/angel/rt.s                       0x00000000   Number         0  aeabi_idiv0_sigfpe.o ABSOLUTE
    ../clib/angel/rt.s                       0x00000000   Number         0  aeabi_idiv0.o ABSOLUTE
    ../clib/angel/rt.s                       0x00000000   Number         0  rt_raise.o ABSOLUTE
    ../clib/angel/rt.s                       0x00000000   Number         0  rt_div0.o ABSOLUTE
    ../clib/angel/scatterp.s                 0x00000000   Number         0  __scatter.o ABSOLUTE
    ../clib/angel/startup.s                  0x00000000   Number         0  __main.o ABSOLUTE
    ../clib/angel/sys.s                      0x00000000   Number         0  libspace.o ABSOLUTE
    ../clib/angel/sys.s                      0x00000000   Number         0  tempstk.o ABSOLUTE
    ../clib/angel/sys.s                      0x00000000   Number         0  use_no_semi.o ABSOLUTE
    ../clib/angel/sys.s                      0x00000000   Number         0  indicate_semi.o ABSOLUTE
    ../clib/angel/sys.s                      0x00000000   Number         0  sys_stackheap_outer.o ABSOLUTE
    ../clib/angel/sysapp.c                   0x00000000   Number         0  sys_command.o ABSOLUTE
    ../clib/angel/sysapp.c                   0x00000000   Number         0  sys_exit.o ABSOLUTE
    ../clib/angel/sysapp.c                   0x00000000   Number         0  sys_wrch.o ABSOLUTE
    ../clib/armsys.c                         0x00000000   Number         0  no_argv.o ABSOLUTE
    ../clib/armsys.c                         0x00000000   Number         0  argv_veneer.o ABSOLUTE
    ../clib/armsys.c                         0x00000000   Number         0  _get_argv_nomalloc.o ABSOLUTE
    ../clib/division.c                       0x00000000   Number         0  rtudiv10.o ABSOLUTE
    ../clib/division.s                       0x00000000   Number         0  aeabi_sdiv.o ABSOLUTE
    ../clib/division.s                       0x00000000   Number         0  aeabi_sdiv_div0.o ABSOLUTE
    ../clib/heapalloc.c                      0x00000000   Number         0  hrguard.o ABSOLUTE
    ../clib/heapaux.c                        0x00000000   Number         0  heapauxi.o ABSOLUTE
    ../clib/libinit.s                        0x00000000   Number         0  libshutdown2.o ABSOLUTE
    ../clib/libinit.s                        0x00000000   Number         0  libshutdown.o ABSOLUTE
    ../clib/libinit.s                        0x00000000   Number         0  libinit2.o ABSOLUTE
    ../clib/libinit.s                        0x00000000   Number         0  libinit.o ABSOLUTE
    ../clib/printf.c                         0x00000000   Number         0  __printf_ss_wp.o ABSOLUTE
    ../clib/printf.c                         0x00000000   Number         0  __printf.o ABSOLUTE
    ../clib/printf.c                         0x00000000   Number         0  _printf_dec.o ABSOLUTE
    ../clib/printf.c                         0x00000000   Number         0  __printf_flags.o ABSOLUTE
    ../clib/printf.c                         0x00000000   Number         0  __printf_ss.o ABSOLUTE
    ../clib/printf.c                         0x00000000   Number         0  __printf_flags_ss.o ABSOLUTE
    ../clib/printf.c                         0x00000000   Number         0  __printf_wp.o ABSOLUTE
    ../clib/printf.c                         0x00000000   Number         0  __printf_flags_wp.o ABSOLUTE
    ../clib/printf.c                         0x00000000   Number         0  __printf_flags_ss_wp.o ABSOLUTE
    ../clib/printf.c                         0x00000000   Number         0  _printf_char_common.o ABSOLUTE
    ../clib/printf.c                         0x00000000   Number         0  noretval__2sprintf.o ABSOLUTE
    ../clib/printf.c                         0x00000000   Number         0  __2sprintf.o ABSOLUTE
    ../clib/printf.c                         0x00000000   Number         0  _sputc.o ABSOLUTE
    ../clib/printf.c                         0x00000000   Number         0  _printf_char.o ABSOLUTE
    ../clib/printf.c                         0x00000000   Number         0  _printf_str.o ABSOLUTE
    ../clib/printf.c                         0x00000000   Number         0  __printf_nopercent.o ABSOLUTE
    ../clib/printf.c                         0x00000000   Number         0  _printf_intcommon.o ABSOLUTE
    ../clib/printf_percent.s                 0x00000000   Number         0  _printf_c.o ABSOLUTE
    ../clib/printf_percent.s                 0x00000000   Number         0  _printf_d.o ABSOLUTE
    ../clib/printf_percent.s                 0x00000000   Number         0  _printf_percent.o ABSOLUTE
    ../clib/printf_percent.s                 0x00000000   Number         0  _printf_percent_end.o ABSOLUTE
    ../clib/signal.c                         0x00000000   Number         0  defsig_rtred_inner.o ABSOLUTE
    ../clib/signal.c                         0x00000000   Number         0  defsig_rtmem_inner.o ABSOLUTE
    ../clib/signal.c                         0x00000000   Number         0  defsig_rtmem_outer.o ABSOLUTE
    ../clib/signal.c                         0x00000000   Number         0  defsig_general.o ABSOLUTE
    ../clib/signal.c                         0x00000000   Number         0  __raise.o ABSOLUTE
    ../clib/signal.c                         0x00000000   Number         0  defsig_cppl_inner.o ABSOLUTE
    ../clib/signal.c                         0x00000000   Number         0  defsig_rtmem_formal.o ABSOLUTE
    ../clib/signal.c                         0x00000000   Number         0  defsig_stak_inner.o ABSOLUTE
    ../clib/signal.c                         0x00000000   Number         0  defsig_fpe_inner.o ABSOLUTE
    ../clib/signal.c                         0x00000000   Number         0  defsig_exit.o ABSOLUTE
    ../clib/signal.c                         0x00000000   Number         0  defsig_pvfn_inner.o ABSOLUTE
    ../clib/signal.c                         0x00000000   Number         0  defsig_segv_inner.o ABSOLUTE
    ../clib/signal.c                         0x00000000   Number         0  defsig_other.o ABSOLUTE
    ../clib/signal.c                         0x00000000   Number         0  defsig_fpe_formal.o ABSOLUTE
    ../clib/signal.c                         0x00000000   Number         0  defsig_fpe_outer.o ABSOLUTE
    ../clib/signal.c                         0x00000000   Number         0  defsig_abrt_inner.o ABSOLUTE
    ../clib/signal.s                         0x00000000   Number         0  defsig.o ABSOLUTE
    ../clib/stdlib.c                         0x00000000   Number         0  exit.o ABSOLUTE
    ../clib/string.c                         0x00000000   Number         0  strlen.o ABSOLUTE
    ../fplib/cfplib/dmul.c                   0x00000000   Number         0  dmul.o ABSOLUTE
    ../fplib/cfplib/ffix.c                   0x00000000   Number         0  dfixui.o ABSOLUTE
    ../fplib/cfplib/fflt.c                   0x00000000   Number         0  dflti.o ABSOLUTE
    ../fplib/cfplib/fpinit.c                 0x00000000   Number         0  fpinit.o ABSOLUTE
    ../fplib/usenofp.s                       0x00000000   Number         0  usenofp.o ABSOLUTE
    RTE\Device\MKL25Z128xxx4\startup_MKL25Z4.s 0x00000000   Number         0  startup_mkl25z4.o ABSOLUTE
    RTE\Device\MKL25Z128xxx4\system_MKL25Z4.c 0x00000000   Number         0  system_mkl25z4.o ABSOLUTE
    RTE\\Device\\MKL25Z128xxx4\\system_MKL25Z4.c 0x00000000   Number         0  system_mkl25z4.o ABSOLUTE
    dc.s                                     0x00000000   Number         0  dc.o ABSOLUTE
    general.c                                0x00000000   Number         0  general.o ABSOLUTE
    general.c                                0x00000000   Number         0  general.o ABSOLUTE
    lcd.c                                    0x00000000   Number         0  lcd.o ABSOLUTE
    lcd.c                                    0x00000000   Number         0  lcd.o ABSOLUTE
    led.c                                    0x00000000   Number         0  led.o ABSOLUTE
    led.c                                    0x00000000   Number         0  led.o ABSOLUTE
    main.c                                   0x00000000   Number         0  main.o ABSOLUTE
    main.c                                   0x00000000   Number         0  main.o ABSOLUTE
    motor.c                                  0x00000000   Number         0  motor.o ABSOLUTE
    motor.c                                  0x00000000   Number         0  motor.o ABSOLUTE
    queue.c                                  0x00000000   Number         0  queue.o ABSOLUTE
    queue.c                                  0x00000000   Number         0  queue.o ABSOLUTE
    serial.c                                 0x00000000   Number         0  serial.o ABSOLUTE
    serial.c                                 0x00000000   Number         0  serial.o ABSOLUTE
    ultrasonic.c                             0x00000000   Number         0  ultrasonic.o ABSOLUTE
    ultrasonic.c                             0x00000000   Number         0  ultrasonic.o ABSOLUTE
    !!!main                                  0x000000c0   Section        8  __main.o(!!!main)
    !!!scatter                               0x000000c8   Section       60  __scatter.o(!!!scatter)
    !!handler_copy                           0x00000104   Section       26  __scatter_copy.o(!!handler_copy)
    !!handler_zi                             0x00000120   Section       28  __scatter_zi.o(!!handler_zi)
    .ARM.Collect$$_printf_percent$$00000000  0x0000013c   Section        2  _printf_percent.o(.ARM.Collect$$_printf_percent$$00000000)
    .ARM.Collect$$_printf_percent$$00000009  0x0000013e   Section       10  _printf_d.o(.ARM.Collect$$_printf_percent$$00000009)
    .ARM.Collect$$_printf_percent$$00000013  0x00000148   Section       10  _printf_c.o(.ARM.Collect$$_printf_percent$$00000013)
    .ARM.Collect$$_printf_percent$$00000017  0x00000152   Section        4  _printf_percent_end.o(.ARM.Collect$$_printf_percent$$00000017)
    .ARM.Collect$$libinit$$00000000          0x00000156   Section        2  libinit.o(.ARM.Collect$$libinit$$00000000)
    .ARM.Collect$$libinit$$00000002          0x00000158   Section        0  libinit2.o(.ARM.Collect$$libinit$$00000002)
    .ARM.Collect$$libinit$$00000004          0x00000158   Section        0  libinit2.o(.ARM.Collect$$libinit$$00000004)
    .ARM.Collect$$libinit$$0000000A          0x00000158   Section        0  libinit2.o(.ARM.Collect$$libinit$$0000000A)
    .ARM.Collect$$libinit$$0000000C          0x00000158   Section        0  libinit2.o(.ARM.Collect$$libinit$$0000000C)
    .ARM.Collect$$libinit$$0000000E          0x00000158   Section        0  libinit2.o(.ARM.Collect$$libinit$$0000000E)
    .ARM.Collect$$libinit$$00000011          0x00000158   Section        0  libinit2.o(.ARM.Collect$$libinit$$00000011)
    .ARM.Collect$$libinit$$00000013          0x00000158   Section        0  libinit2.o(.ARM.Collect$$libinit$$00000013)
    .ARM.Collect$$libinit$$00000015          0x00000158   Section        0  libinit2.o(.ARM.Collect$$libinit$$00000015)
    .ARM.Collect$$libinit$$00000017          0x00000158   Section        0  libinit2.o(.ARM.Collect$$libinit$$00000017)
    .ARM.Collect$$libinit$$00000019          0x00000158   Section        0  libinit2.o(.ARM.Collect$$libinit$$00000019)
    .ARM.Collect$$libinit$$0000001B          0x00000158   Section        0  libinit2.o(.ARM.Collect$$libinit$$0000001B)
    .ARM.Collect$$libinit$$0000001D          0x00000158   Section        0  libinit2.o(.ARM.Collect$$libinit$$0000001D)
    .ARM.Collect$$libinit$$0000001F          0x00000158   Section        0  libinit2.o(.ARM.Collect$$libinit$$0000001F)
    .ARM.Collect$$libinit$$00000021          0x00000158   Section        0  libinit2.o(.ARM.Collect$$libinit$$00000021)
    .ARM.Collect$$libinit$$00000023          0x00000158   Section        0  libinit2.o(.ARM.Collect$$libinit$$00000023)
    .ARM.Collect$$libinit$$00000025          0x00000158   Section        0  libinit2.o(.ARM.Collect$$libinit$$00000025)
    .ARM.Collect$$libinit$$0000002C          0x00000158   Section        0  libinit2.o(.ARM.Collect$$libinit$$0000002C)
    .ARM.Collect$$libinit$$0000002E          0x00000158   Section        0  libinit2.o(.ARM.Collect$$libinit$$0000002E)
    .ARM.Collect$$libinit$$00000030          0x00000158   Section        0  libinit2.o(.ARM.Collect$$libinit$$00000030)
    .ARM.Collect$$libinit$$00000032          0x00000158   Section        0  libinit2.o(.ARM.Collect$$libinit$$00000032)
    .ARM.Collect$$libinit$$00000033          0x00000158   Section        2  libinit2.o(.ARM.Collect$$libinit$$00000033)
    .ARM.Collect$$libshutdown$$00000000      0x0000015a   Section        2  libshutdown.o(.ARM.Collect$$libshutdown$$00000000)
    .ARM.Collect$$libshutdown$$00000002      0x0000015c   Section        0  libshutdown2.o(.ARM.Collect$$libshutdown$$00000002)
    .ARM.Collect$$libshutdown$$00000004      0x0000015c   Section        0  libshutdown2.o(.ARM.Collect$$libshutdown$$00000004)
    .ARM.Collect$$libshutdown$$00000006      0x0000015c   Section        0  libshutdown2.o(.ARM.Collect$$libshutdown$$00000006)
    .ARM.Collect$$libshutdown$$00000009      0x0000015c   Section        0  libshutdown2.o(.ARM.Collect$$libshutdown$$00000009)
    .ARM.Collect$$libshutdown$$0000000C      0x0000015c   Section        0  libshutdown2.o(.ARM.Collect$$libshutdown$$0000000C)
    .ARM.Collect$$libshutdown$$0000000E      0x0000015c   Section        0  libshutdown2.o(.ARM.Collect$$libshutdown$$0000000E)
    .ARM.Collect$$libshutdown$$00000011      0x0000015c   Section        0  libshutdown2.o(.ARM.Collect$$libshutdown$$00000011)
    .ARM.Collect$$libshutdown$$00000012      0x0000015c   Section        2  libshutdown2.o(.ARM.Collect$$libshutdown$$00000012)
    .ARM.Collect$$rtentry$$00000000          0x0000015e   Section        0  __rtentry.o(.ARM.Collect$$rtentry$$00000000)
    .ARM.Collect$$rtentry$$00000002          0x0000015e   Section        0  __rtentry2.o(.ARM.Collect$$rtentry$$00000002)
    .ARM.Collect$$rtentry$$00000004          0x0000015e   Section        6  __rtentry4.o(.ARM.Collect$$rtentry$$00000004)
    .ARM.Collect$$rtentry$$00000009          0x00000164   Section        0  __rtentry2.o(.ARM.Collect$$rtentry$$00000009)
    .ARM.Collect$$rtentry$$0000000A          0x00000164   Section        4  __rtentry2.o(.ARM.Collect$$rtentry$$0000000A)
    .ARM.Collect$$rtentry$$0000000C          0x00000168   Section        0  __rtentry2.o(.ARM.Collect$$rtentry$$0000000C)
    .ARM.Collect$$rtentry$$0000000D          0x00000168   Section        8  __rtentry2.o(.ARM.Collect$$rtentry$$0000000D)
    .ARM.Collect$$rtexit$$00000000           0x00000170   Section        2  rtexit.o(.ARM.Collect$$rtexit$$00000000)
    .ARM.Collect$$rtexit$$00000002           0x00000172   Section        0  rtexit2.o(.ARM.Collect$$rtexit$$00000002)
    .ARM.Collect$$rtexit$$00000003           0x00000172   Section        4  rtexit2.o(.ARM.Collect$$rtexit$$00000003)
    .ARM.Collect$$rtexit$$00000004           0x00000176   Section        6  rtexit2.o(.ARM.Collect$$rtexit$$00000004)
    .text                                    0x0000017c   Section       64  startup_mkl25z4.o(.text)
    .text                                    0x000001bc   Section        0  noretval__2sprintf.o(.text)
    .text                                    0x000001e4   Section        0  __printf.o(.text)
    .text                                    0x00000250   Section        0  _printf_str.o(.text)
    .text                                    0x000002a4   Section        0  _printf_dec.o(.text)
    .text                                    0x00000310   Section        0  heapauxi.o(.text)
    .text                                    0x00000318   Section        0  dfixui.o(.text)
    .text                                    0x00000360   Section        0  dflti.o(.text)
    .text                                    0x000003b8   Section        0  _printf_char_common.o(.text)
    _printf_input_char                       0x000003b9   Thumb Code    10  _printf_char_common.o(.text)
    .text                                    0x000003e8   Section        0  _sputc.o(.text)
    .text                                    0x000003f4   Section        8  libspace.o(.text)
    .text                                    0x000003fc   Section        2  use_no_semi.o(.text)
    .text                                    0x000003fe   Section        0  indicate_semi.o(.text)
    x$fpl$usenofp                            0x000003fe   Section        0  usenofp.o(x$fpl$usenofp)
    .ARM.__at_0x400                          0x00000400   Section       16  startup_mkl25z4.o(.ARM.__at_0x400)
    .text                                    0x00000410   Section        0  dmul.o(.text)
    .text                                    0x00000658   Section        0  _printf_intcommon.o(.text)
    .text                                    0x00000708   Section        0  _printf_char.o(.text)
    .text                                    0x00000736   Section        0  rtudiv10.o(.text)
    .text                                    0x0000075e   Section       62  sys_stackheap_outer.o(.text)
    .text                                    0x0000079c   Section        0  exit.o(.text)
    .text                                    0x000007ac   Section        0  sys_exit.o(.text)
    i.Init_UART                              0x000007b8   Section        0  serial.o(i.Init_UART)
    i.Q_Dequeue                              0x00000814   Section        0  queue.o(i.Q_Dequeue)
    i.Q_Empty                                0x00000860   Section        0  queue.o(i.Q_Empty)
    i.Q_Enqueue                              0x00000870   Section        0  queue.o(i.Q_Enqueue)
    i.Q_Full                                 0x000008b4   Section        0  queue.o(i.Q_Full)
    i.Q_Init                                 0x000008c8   Section        0  queue.o(i.Q_Init)
    i.Q_Size                                 0x000008e4   Section        0  queue.o(i.Q_Size)
    i.SysTick_Handler                        0x000008ec   Section        0  general.o(i.SysTick_Handler)
    i.SystemInit                             0x000008fc   Section        0  system_mkl25z4.o(i.SystemInit)
    i.TPM1_IRQHandler                        0x00000908   Section        0  ultrasonic.o(i.TPM1_IRQHandler)
    i.TPM2_IRQHandler                        0x0000097c   Section        0  motor.o(i.TPM2_IRQHandler)
    i.UART0_IRQHandler                       0x00000990   Section        0  serial.o(i.UART0_IRQHandler)
    i.__ARM_common_switch8                   0x00000a24   Section        0  main.o(i.__ARM_common_switch8)
    i.__NVIC_ClearPendingIRQ                 0x00000a40   Section        0  serial.o(i.__NVIC_ClearPendingIRQ)
    __NVIC_ClearPendingIRQ                   0x00000a41   Thumb Code    18  serial.o(i.__NVIC_ClearPendingIRQ)
    i.__NVIC_EnableIRQ                       0x00000a58   Section        0  serial.o(i.__NVIC_EnableIRQ)
    __NVIC_EnableIRQ                         0x00000a59   Thumb Code    26  serial.o(i.__NVIC_EnableIRQ)
    i.__NVIC_SetPriority                     0x00000a78   Section        0  motor.o(i.__NVIC_SetPriority)
    __NVIC_SetPriority                       0x00000a79   Thumb Code   110  motor.o(i.__NVIC_SetPriority)
    i.__NVIC_SetPriority                     0x00000af0   Section        0  ultrasonic.o(i.__NVIC_SetPriority)
    __NVIC_SetPriority                       0x00000af1   Thumb Code   110  ultrasonic.o(i.__NVIC_SetPriority)
    i.__NVIC_SetPriority                     0x00000b68   Section        0  serial.o(i.__NVIC_SetPriority)
    __NVIC_SetPriority                       0x00000b69   Thumb Code   110  serial.o(i.__NVIC_SetPriority)
    i.carBluetoothControl                    0x00000be0   Section        0  serial.o(i.carBluetoothControl)
    i.delay_ms                               0x00000c38   Section        0  lcd.o(i.delay_ms)
    i.doTxRx_task                            0x00000c54   Section        0  serial.o(i.doTxRx_task)
    i.flashEmergencyLights                   0x00000cd0   Section        0  led.o(i.flashEmergencyLights)
    i.forward_motors                         0x00000e48   Section        0  motor.o(i.forward_motors)
    i.init_bluetooth_pins                    0x00000ea0   Section        0  serial.o(i.init_bluetooth_pins)
    i.init_lcd_pins                          0x00000eec   Section        0  lcd.o(i.init_lcd_pins)
    i.init_leds                              0x000010a4   Section        0  led.o(i.init_leds)
    i.init_motor_control_lines               0x00001164   Section        0  motor.o(i.init_motor_control_lines)
    i.init_motor_timer                       0x000012b0   Section        0  motor.o(i.init_motor_timer)
    i.init_ultrasonic_pins                   0x00001378   Section        0  ultrasonic.o(i.init_ultrasonic_pins)
    i.init_ultrasonic_timer                  0x000013f4   Section        0  ultrasonic.o(i.init_ultrasonic_timer)
    i.lcd_clear                              0x000014d4   Section        0  lcd.o(i.lcd_clear)
    i.lcd_goto                               0x000014ea   Section        0  lcd.o(i.lcd_goto)
    i.lcd_init                               0x00001514   Section        0  lcd.o(i.lcd_init)
    i.lcd_write_char                         0x00001530   Section        0  lcd.o(i.lcd_write_char)
    i.lcd_write_instruc                      0x00001578   Section        0  lcd.o(i.lcd_write_instruc)
    i.lcd_write_string                       0x000015c0   Section        0  lcd.o(i.lcd_write_string)
    i.main                                   0x000015dc   Section        0  main.o(i.main)
    i.millis                                 0x000016a8   Section        0  general.o(i.millis)
    i.move_faster                            0x000016b4   Section        0  motor.o(i.move_faster)
    i.raise_obstacle_alarm                   0x000016c8   Section        0  ultrasonic.o(i.raise_obstacle_alarm)
    i.reverse_motors                         0x00001794   Section        0  motor.o(i.reverse_motors)
    i.slow_down                              0x00001834   Section        0  motor.o(i.slow_down)
    i.stop_car                               0x00001848   Section        0  motor.o(i.stop_car)
    i.systick_clock                          0x00001888   Section        0  general.o(i.systick_clock)
    i.turn_car_left                          0x000018a4   Section        0  motor.o(i.turn_car_left)
    i.turn_car_right                         0x000018d4   Section        0  motor.o(i.turn_car_right)
    i.write_to_data_pins                     0x00001904   Section        0  lcd.o(i.write_to_data_pins)
    write_to_data_pins                       0x00001905   Thumb Code   338  lcd.o(i.write_to_data_pins)
    .data                                    0x1ffff000   Section       12  motor.o(.data)
    last_run                                 0x1ffff000   Data           4  motor.o(.data)
    next_stage                               0x1ffff004   Data           1  motor.o(.data)
    last_run                                 0x1ffff008   Data           4  motor.o(.data)
    .data                                    0x1ffff00c   Section        4  general.o(.data)
    .data                                    0x1ffff010   Section        8  led.o(.data)
    next_state                               0x1ffff010   Data           1  led.o(.data)
    last_run                                 0x1ffff014   Data           4  led.o(.data)
    .data                                    0x1ffff018   Section       24  ultrasonic.o(.data)
    ctr                                      0x1ffff020   Data           4  ultrasonic.o(.data)
    previous                                 0x1ffff024   Data           4  ultrasonic.o(.data)
    next_state                               0x1ffff028   Data           1  ultrasonic.o(.data)
    last_run                                 0x1ffff02c   Data           4  ultrasonic.o(.data)
    .data                                    0x1ffff030   Section        2  serial.o(.data)
    .bss                                     0x1ffff034   Section       10  main.o(.bss)
    .bss                                     0x1ffff040   Section      536  serial.o(.bss)
    .bss                                     0x1ffff258   Section       96  libspace.o(.bss)
    HEAP                                     0x1ffff2b8   Section        0  startup_mkl25z4.o(HEAP)
    STACK                                    0x1ffff2b8   Section      256  startup_mkl25z4.o(STACK)
    Heap_Mem                                 0x1ffff2b8   Data           0  startup_mkl25z4.o(HEAP)
    Stack_Mem                                0x1ffff2b8   Data         256  startup_mkl25z4.o(STACK)
    __initial_sp                             0x1ffff3b8   Data           0  startup_mkl25z4.o(STACK)

    Global Symbols

    Symbol Name                              Value     Ov Type        Size  Object(Section)

    BuildAttributes$$THM_ISAv3M$S$PE$A:L22$X:L11$S22$IEEE1$IW$USESV6$~STKCKD$USESV7$~SHL$OSPACE$ROPI$EBA8$UX$STANDARDLIB$REQ8$PRES8$EABIv2 0x00000000   Number         0  anon$$obj.o ABSOLUTE
    __ARM_use_no_argv                        0x00000000   Number         0  main.o ABSOLUTE
    __Vectors                                0x00000000   Data           4  startup_mkl25z4.o(RESET)
    __ARM_exceptions_init                     - Undefined Weak Reference
    __alloca_initialize                       - Undefined Weak Reference
    __arm_fini_                               - Undefined Weak Reference
    __arm_preinit_                            - Undefined Weak Reference
    __cpp_initialize__aeabi_                  - Undefined Weak Reference
    __cxa_finalize                            - Undefined Weak Reference
    __rt_locale                               - Undefined Weak Reference
    __sigvec_lookup                           - Undefined Weak Reference
    _atexit_init                              - Undefined Weak Reference
    _call_atexit_fns                          - Undefined Weak Reference
    _clock_init                               - Undefined Weak Reference
    _fp_trap_init                             - Undefined Weak Reference
    _fp_trap_shutdown                         - Undefined Weak Reference
    _get_lc_collate                           - Undefined Weak Reference
    _get_lc_ctype                             - Undefined Weak Reference
    _get_lc_monetary                          - Undefined Weak Reference
    _get_lc_numeric                           - Undefined Weak Reference
    _get_lc_time                              - Undefined Weak Reference
    _getenv_init                              - Undefined Weak Reference
    _handle_redirection                       - Undefined Weak Reference
    _init_alloc                               - Undefined Weak Reference
    _init_user_alloc                          - Undefined Weak Reference
    _initio                                   - Undefined Weak Reference
    _printf_mbtowc                            - Undefined Weak Reference
    _printf_post_padding                      - Undefined Weak Reference
    _printf_pre_padding                       - Undefined Weak Reference
    _printf_truncate_signed                   - Undefined Weak Reference
    _printf_truncate_unsigned                 - Undefined Weak Reference
    _rand_init                                - Undefined Weak Reference
    _signal_finish                            - Undefined Weak Reference
    _signal_init                              - Undefined Weak Reference
    _terminate_alloc                          - Undefined Weak Reference
    _terminate_user_alloc                     - Undefined Weak Reference
    _terminateio                              - Undefined Weak Reference
    __Vectors_End                            0x000000c0   Data           0  startup_mkl25z4.o(RESET)
    __Vectors_Size                           0x000000c0   Number         0  startup_mkl25z4.o ABSOLUTE
    __main                                   0x000000c1   Thumb Code     8  __main.o(!!!main)
    __scatterload                            0x000000c9   Thumb Code     0  __scatter.o(!!!scatter)
    __scatterload_rt2                        0x000000c9   Thumb Code    52  __scatter.o(!!!scatter)
    __scatterload_rt2_thumb_only             0x000000c9   Thumb Code     0  __scatter.o(!!!scatter)
    __scatterload_null                       0x000000d9   Thumb Code     0  __scatter.o(!!!scatter)
    __scatterload_copy                       0x00000105   Thumb Code    26  __scatter_copy.o(!!handler_copy)
    __scatterload_zeroinit                   0x00000121   Thumb Code    28  __scatter_zi.o(!!handler_zi)
    _printf_percent                          0x0000013d   Thumb Code     0  _printf_percent.o(.ARM.Collect$$_printf_percent$$00000000)
    _printf_d                                0x0000013f   Thumb Code     0  _printf_d.o(.ARM.Collect$$_printf_percent$$00000009)
    _printf_c                                0x00000149   Thumb Code     0  _printf_c.o(.ARM.Collect$$_printf_percent$$00000013)
    _printf_percent_end                      0x00000153   Thumb Code     0  _printf_percent_end.o(.ARM.Collect$$_printf_percent$$00000017)
    __rt_lib_init                            0x00000157   Thumb Code     0  libinit.o(.ARM.Collect$$libinit$$00000000)
    __rt_lib_init_alloca_1                   0x00000159   Thumb Code     0  libinit2.o(.ARM.Collect$$libinit$$0000002E)
    __rt_lib_init_argv_1                     0x00000159   Thumb Code     0  libinit2.o(.ARM.Collect$$libinit$$0000002C)
    __rt_lib_init_atexit_1                   0x00000159   Thumb Code     0  libinit2.o(.ARM.Collect$$libinit$$0000001B)
    __rt_lib_init_clock_1                    0x00000159   Thumb Code     0  libinit2.o(.ARM.Collect$$libinit$$00000021)
    __rt_lib_init_cpp_1                      0x00000159   Thumb Code     0  libinit2.o(.ARM.Collect$$libinit$$00000032)
    __rt_lib_init_exceptions_1               0x00000159   Thumb Code     0  libinit2.o(.ARM.Collect$$libinit$$00000030)
    __rt_lib_init_fp_1                       0x00000159   Thumb Code     0  libinit2.o(.ARM.Collect$$libinit$$00000002)
    __rt_lib_init_fp_trap_1                  0x00000159   Thumb Code     0  libinit2.o(.ARM.Collect$$libinit$$0000001F)
    __rt_lib_init_getenv_1                   0x00000159   Thumb Code     0  libinit2.o(.ARM.Collect$$libinit$$00000023)
    __rt_lib_init_heap_1                     0x00000159   Thumb Code     0  libinit2.o(.ARM.Collect$$libinit$$0000000A)
    __rt_lib_init_lc_collate_1               0x00000159   Thumb Code     0  libinit2.o(.ARM.Collect$$libinit$$00000011)
    __rt_lib_init_lc_ctype_1                 0x00000159   Thumb Code     0  libinit2.o(.ARM.Collect$$libinit$$00000013)
    __rt_lib_init_lc_monetary_1              0x00000159   Thumb Code     0  libinit2.o(.ARM.Collect$$libinit$$00000015)
    __rt_lib_init_lc_numeric_1               0x00000159   Thumb Code     0  libinit2.o(.ARM.Collect$$libinit$$00000017)
    __rt_lib_init_lc_time_1                  0x00000159   Thumb Code     0  libinit2.o(.ARM.Collect$$libinit$$00000019)
    __rt_lib_init_preinit_1                  0x00000159   Thumb Code     0  libinit2.o(.ARM.Collect$$libinit$$00000004)
    __rt_lib_init_rand_1                     0x00000159   Thumb Code     0  libinit2.o(.ARM.Collect$$libinit$$0000000E)
    __rt_lib_init_return                     0x00000159   Thumb Code     0  libinit2.o(.ARM.Collect$$libinit$$00000033)
    __rt_lib_init_signal_1                   0x00000159   Thumb Code     0  libinit2.o(.ARM.Collect$$libinit$$0000001D)
    __rt_lib_init_stdio_1                    0x00000159   Thumb Code     0  libinit2.o(.ARM.Collect$$libinit$$00000025)
    __rt_lib_init_user_alloc_1               0x00000159   Thumb Code     0  libinit2.o(.ARM.Collect$$libinit$$0000000C)
    __rt_lib_shutdown                        0x0000015b   Thumb Code     0  libshutdown.o(.ARM.Collect$$libshutdown$$00000000)
    __rt_lib_shutdown_cpp_1                  0x0000015d   Thumb Code     0  libshutdown2.o(.ARM.Collect$$libshutdown$$00000004)
    __rt_lib_shutdown_fini_1                 0x0000015d   Thumb Code     0  libshutdown2.o(.ARM.Collect$$libshutdown$$00000002)
    __rt_lib_shutdown_fp_trap_1              0x0000015d   Thumb Code     0  libshutdown2.o(.ARM.Collect$$libshutdown$$00000009)
    __rt_lib_shutdown_heap_1                 0x0000015d   Thumb Code     0  libshutdown2.o(.ARM.Collect$$libshutdown$$00000011)
    __rt_lib_shutdown_return                 0x0000015d   Thumb Code     0  libshutdown2.o(.ARM.Collect$$libshutdown$$00000012)
    __rt_lib_shutdown_signal_1               0x0000015d   Thumb Code     0  libshutdown2.o(.ARM.Collect$$libshutdown$$0000000C)
    __rt_lib_shutdown_stdio_1                0x0000015d   Thumb Code     0  libshutdown2.o(.ARM.Collect$$libshutdown$$00000006)
    __rt_lib_shutdown_user_alloc_1           0x0000015d   Thumb Code     0  libshutdown2.o(.ARM.Collect$$libshutdown$$0000000E)
    __rt_entry                               0x0000015f   Thumb Code     0  __rtentry.o(.ARM.Collect$$rtentry$$00000000)
    __rt_entry_presh_1                       0x0000015f   Thumb Code     0  __rtentry2.o(.ARM.Collect$$rtentry$$00000002)
    __rt_entry_sh                            0x0000015f   Thumb Code     0  __rtentry4.o(.ARM.Collect$$rtentry$$00000004)
    __rt_entry_li                            0x00000165   Thumb Code     0  __rtentry2.o(.ARM.Collect$$rtentry$$0000000A)
    __rt_entry_postsh_1                      0x00000165   Thumb Code     0  __rtentry2.o(.ARM.Collect$$rtentry$$00000009)
    __rt_entry_main                          0x00000169   Thumb Code     0  __rtentry2.o(.ARM.Collect$$rtentry$$0000000D)
    __rt_entry_postli_1                      0x00000169   Thumb Code     0  __rtentry2.o(.ARM.Collect$$rtentry$$0000000C)
    __rt_exit                                0x00000171   Thumb Code     0  rtexit.o(.ARM.Collect$$rtexit$$00000000)
    __rt_exit_ls                             0x00000173   Thumb Code     0  rtexit2.o(.ARM.Collect$$rtexit$$00000003)
    __rt_exit_prels_1                        0x00000173   Thumb Code     0  rtexit2.o(.ARM.Collect$$rtexit$$00000002)
    __rt_exit_exit                           0x00000177   Thumb Code     0  rtexit2.o(.ARM.Collect$$rtexit$$00000004)
    Reset_Handler                            0x0000017d   Thumb Code    12  startup_mkl25z4.o(.text)
    NMI_Handler                              0x00000189   Thumb Code     2  startup_mkl25z4.o(.text)
    HardFault_Handler                        0x0000018b   Thumb Code     2  startup_mkl25z4.o(.text)
    SVC_Handler                              0x0000018d   Thumb Code     2  startup_mkl25z4.o(.text)
    PendSV_Handler                           0x0000018f   Thumb Code     2  startup_mkl25z4.o(.text)
    ADC0_IRQHandler                          0x00000193   Thumb Code     0  startup_mkl25z4.o(.text)
    CMP0_IRQHandler                          0x00000193   Thumb Code     0  startup_mkl25z4.o(.text)
    DAC0_IRQHandler                          0x00000193   Thumb Code     0  startup_mkl25z4.o(.text)
    DMA0_IRQHandler                          0x00000193   Thumb Code     0  startup_mkl25z4.o(.text)
    DMA1_IRQHandler                          0x00000193   Thumb Code     0  startup_mkl25z4.o(.text)
    DMA2_IRQHandler                          0x00000193   Thumb Code     0  startup_mkl25z4.o(.text)
    DMA3_IRQHandler                          0x00000193   Thumb Code     0  startup_mkl25z4.o(.text)
    DefaultISR                               0x00000193   Thumb Code     0  startup_mkl25z4.o(.text)
    FTFA_IRQHandler                          0x00000193   Thumb Code     0  startup_mkl25z4.o(.text)
    I2C0_IRQHandler                          0x00000193   Thumb Code     0  startup_mkl25z4.o(.text)
    I2C1_IRQHandler                          0x00000193   Thumb Code     0  startup_mkl25z4.o(.text)
    LLWU_IRQHandler                          0x00000193   Thumb Code     0  startup_mkl25z4.o(.text)
    LPTMR0_IRQHandler                        0x00000193   Thumb Code     0  startup_mkl25z4.o(.text)
    LVD_LVW_IRQHandler                       0x00000193   Thumb Code     0  startup_mkl25z4.o(.text)
    MCG_IRQHandler                           0x00000193   Thumb Code     0  startup_mkl25z4.o(.text)
    PIT_IRQHandler                           0x00000193   Thumb Code     0  startup_mkl25z4.o(.text)
    PORTA_IRQHandler                         0x00000193   Thumb Code     0  startup_mkl25z4.o(.text)
    PORTD_IRQHandler                         0x00000193   Thumb Code     0  startup_mkl25z4.o(.text)
    RTC_IRQHandler                           0x00000193   Thumb Code     0  startup_mkl25z4.o(.text)
    RTC_Seconds_IRQHandler                   0x00000193   Thumb Code     0  startup_mkl25z4.o(.text)
    Reserved20_IRQHandler                    0x00000193   Thumb Code     0  startup_mkl25z4.o(.text)
    Reserved39_IRQHandler                    0x00000193   Thumb Code     0  startup_mkl25z4.o(.text)
    Reserved45_IRQHandler                    0x00000193   Thumb Code     0  startup_mkl25z4.o(.text)
    SPI0_IRQHandler                          0x00000193   Thumb Code     0  startup_mkl25z4.o(.text)
    SPI1_IRQHandler                          0x00000193   Thumb Code     0  startup_mkl25z4.o(.text)
    TPM0_IRQHandler                          0x00000193   Thumb Code     0  startup_mkl25z4.o(.text)
    TSI0_IRQHandler                          0x00000193   Thumb Code     0  startup_mkl25z4.o(.text)
    UART1_IRQHandler                         0x00000193   Thumb Code     0  startup_mkl25z4.o(.text)
    UART2_IRQHandler                         0x00000193   Thumb Code     0  startup_mkl25z4.o(.text)
    USB0_IRQHandler                          0x00000193   Thumb Code     0  startup_mkl25z4.o(.text)
    __user_initial_stackheap                 0x00000199   Thumb Code     0  startup_mkl25z4.o(.text)
    __2sprintf                               0x000001bd   Thumb Code    36  noretval__2sprintf.o(.text)
    __printf                                 0x000001e5   Thumb Code   108  __printf.o(.text)
    _printf_str                              0x00000251   Thumb Code    82  _printf_str.o(.text)
    _printf_int_dec                          0x000002a5   Thumb Code    90  _printf_dec.o(.text)
    __use_two_region_memory                  0x00000311   Thumb Code     2  heapauxi.o(.text)
    __rt_heap_escrow$2region                 0x00000313   Thumb Code     2  heapauxi.o(.text)
    __rt_heap_expand$2region                 0x00000315   Thumb Code     2  heapauxi.o(.text)
    __aeabi_d2uiz                            0x00000319   Thumb Code     0  dfixui.o(.text)
    _dfixu                                   0x00000319   Thumb Code    68  dfixui.o(.text)
    __aeabi_i2d_normalise                    0x00000361   Thumb Code    66  dflti.o(.text)
    __aeabi_i2d                              0x000003a3   Thumb Code    16  dflti.o(.text)
    _dflt                                    0x000003a3   Thumb Code     0  dflti.o(.text)
    __aeabi_ui2d                             0x000003b3   Thumb Code     6  dflti.o(.text)
    _dfltu                                   0x000003b3   Thumb Code     0  dflti.o(.text)
    _printf_char_common                      0x000003c3   Thumb Code    32  _printf_char_common.o(.text)
    _sputc                                   0x000003e9   Thumb Code    10  _sputc.o(.text)
    __user_libspace                          0x000003f5   Thumb Code     8  libspace.o(.text)
    __user_perproc_libspace                  0x000003f5   Thumb Code     0  libspace.o(.text)
    __user_perthread_libspace                0x000003f5   Thumb Code     0  libspace.o(.text)
    __I$use$semihosting                      0x000003fd   Thumb Code     0  use_no_semi.o(.text)
    __use_no_semihosting_swi                 0x000003fd   Thumb Code     2  use_no_semi.o(.text)
    __I$use$fp                               0x000003fe   Number         0  usenofp.o(x$fpl$usenofp)
    __semihosting_library_function           0x000003ff   Thumb Code     0  indicate_semi.o(.text)
    __aeabi_dmul                             0x00000411   Thumb Code     0  dmul.o(.text)
    _dmul                                    0x00000411   Thumb Code   558  dmul.o(.text)
    _printf_int_common                       0x00000659   Thumb Code   176  _printf_intcommon.o(.text)
    _printf_cs_common                        0x00000709   Thumb Code    22  _printf_char.o(.text)
    _printf_char                             0x0000071f   Thumb Code    16  _printf_char.o(.text)
    _printf_string                           0x0000072f   Thumb Code     8  _printf_char.o(.text)
    __rt_udiv10                              0x00000737   Thumb Code    40  rtudiv10.o(.text)
    __user_setup_stackheap                   0x0000075f   Thumb Code    62  sys_stackheap_outer.o(.text)
    exit                                     0x0000079d   Thumb Code    16  exit.o(.text)
    _sys_exit                                0x000007ad   Thumb Code     8  sys_exit.o(.text)
    Init_UART                                0x000007b9   Thumb Code    80  serial.o(i.Init_UART)
    Q_Dequeue                                0x00000815   Thumb Code    76  queue.o(i.Q_Dequeue)
    Q_Empty                                  0x00000861   Thumb Code    16  queue.o(i.Q_Empty)
    Q_Enqueue                                0x00000871   Thumb Code    68  queue.o(i.Q_Enqueue)
    Q_Full                                   0x000008b5   Thumb Code    20  queue.o(i.Q_Full)
    Q_Init                                   0x000008c9   Thumb Code    28  queue.o(i.Q_Init)
    Q_Size                                   0x000008e5   Thumb Code     6  queue.o(i.Q_Size)
    SysTick_Handler                          0x000008ed   Thumb Code    12  general.o(i.SysTick_Handler)
    SystemInit                               0x000008fd   Thumb Code     8  system_mkl25z4.o(i.SystemInit)
    TPM1_IRQHandler                          0x00000909   Thumb Code   100  ultrasonic.o(i.TPM1_IRQHandler)
    TPM2_IRQHandler                          0x0000097d   Thumb Code    14  motor.o(i.TPM2_IRQHandler)
    UART0_IRQHandler                         0x00000991   Thumb Code   130  serial.o(i.UART0_IRQHandler)
    __ARM_common_switch8                     0x00000a25   Thumb Code    28  main.o(i.__ARM_common_switch8)
    carBluetoothControl                      0x00000be1   Thumb Code    82  serial.o(i.carBluetoothControl)
    delay_ms                                 0x00000c39   Thumb Code    24  lcd.o(i.delay_ms)
    doTxRx_task                              0x00000c55   Thumb Code    94  serial.o(i.doTxRx_task)
    flashEmergencyLights                     0x00000cd1   Thumb Code   362  led.o(i.flashEmergencyLights)
    forward_motors                           0x00000e49   Thumb Code    82  motor.o(i.forward_motors)
    init_bluetooth_pins                      0x00000ea1   Thumb Code    68  serial.o(i.init_bluetooth_pins)
    init_lcd_pins                            0x00000eed   Thumb Code   420  lcd.o(i.init_lcd_pins)
    init_leds                                0x000010a5   Thumb Code   174  led.o(i.init_leds)
    init_motor_control_lines                 0x00001165   Thumb Code   306  motor.o(i.init_motor_control_lines)
    init_motor_timer                         0x000012b1   Thumb Code   178  motor.o(i.init_motor_timer)
    init_ultrasonic_pins                     0x00001379   Thumb Code   108  ultrasonic.o(i.init_ultrasonic_pins)
    init_ultrasonic_timer                    0x000013f5   Thumb Code   198  ultrasonic.o(i.init_ultrasonic_timer)
    lcd_clear                                0x000014d5   Thumb Code    22  lcd.o(i.lcd_clear)
    lcd_goto                                 0x000014eb   Thumb Code    42  lcd.o(i.lcd_goto)
    lcd_init                                 0x00001515   Thumb Code    28  lcd.o(i.lcd_init)
    lcd_write_char                           0x00001531   Thumb Code    66  lcd.o(i.lcd_write_char)
    lcd_write_instruc                        0x00001579   Thumb Code    66  lcd.o(i.lcd_write_instruc)
    lcd_write_string                         0x000015c1   Thumb Code    28  lcd.o(i.lcd_write_string)
    main                                     0x000015dd   Thumb Code   140  main.o(i.main)
    millis                                   0x000016a9   Thumb Code     6  general.o(i.millis)
    move_faster                              0x000016b5   Thumb Code    10  motor.o(i.move_faster)
    raise_obstacle_alarm                     0x000016c9   Thumb Code   188  ultrasonic.o(i.raise_obstacle_alarm)
    reverse_motors                           0x00001795   Thumb Code   152  motor.o(i.reverse_motors)
    slow_down                                0x00001835   Thumb Code    10  motor.o(i.slow_down)
    stop_car                                 0x00001849   Thumb Code    60  motor.o(i.stop_car)
    systick_clock                            0x00001889   Thumb Code    20  general.o(i.systick_clock)
    turn_car_left                            0x000018a5   Thumb Code    36  motor.o(i.turn_car_left)
    turn_car_right                           0x000018d5   Thumb Code    34  motor.o(i.turn_car_right)
    Region$$Table$$Base                      0x00001a5c   Number         0  anon$$obj.o(Region$$Table)
    Region$$Table$$Limit                     0x00001a7c   Number         0  anon$$obj.o(Region$$Table)
    counter                                  0x1ffff00c   Data           4  general.o(.data)
    interval                                 0x1ffff018   Data           4  ultrasonic.o(.data)
    distance                                 0x1ffff01c   Data           1  ultrasonic.o(.data)
    rxChar                                   0x1ffff030   Data           1  serial.o(.data)
    sbr                                      0x1ffff031   Data           1  serial.o(.data)
    buffer                                   0x1ffff034   Data          10  main.o(.bss)
    TxQ                                      0x1ffff040   Data         268  serial.o(.bss)
    RxQ                                      0x1ffff14c   Data         268  serial.o(.bss)
    __libspace_start                         0x1ffff258   Data          96  libspace.o(.bss)
    __temporary_stack_top$libspace           0x1ffff2b8   Data           0  libspace.o(.bss)



==============================================================================

Memory Map of the image

  Image Entry point : 0x0000017d

  Load Region LR_1 (Base: 0x00000000, Size: 0x00001ab0, Max: 0xffffffff, ABSOLUTE)

    Execution Region ER_RO (Exec base: 0x00000000, Load base: 0x00000000, Size: 0x00001a7c, Max: 0xffffffff, ABSOLUTE)

    Exec Addr    Load Addr    Size         Type   Attr      Idx    E Section Name        Object

    0x00000000   0x00000000   0x000000c0   Data   RO          511    RESET               startup_mkl25z4.o
    0x000000c0   0x000000c0   0x00000008   Code   RO          600  * !!!main             c_p.l(__main.o)
    0x000000c8   0x000000c8   0x0000003c   Code   RO          791    !!!scatter          c_p.l(__scatter.o)
    0x00000104   0x00000104   0x0000001a   Code   RO          793    !!handler_copy      c_p.l(__scatter_copy.o)
    0x0000011e   0x0000011e   0x00000002   PAD
    0x00000120   0x00000120   0x0000001c   Code   RO          795    !!handler_zi        c_p.l(__scatter_zi.o)
    0x0000013c   0x0000013c   0x00000002   Code   RO          591    .ARM.Collect$$_printf_percent$$00000000  c_p.l(_printf_percent.o)
    0x0000013e   0x0000013e   0x0000000a   Code   RO          590    .ARM.Collect$$_printf_percent$$00000009  c_p.l(_printf_d.o)
    0x00000148   0x00000148   0x0000000a   Code   RO          589    .ARM.Collect$$_printf_percent$$00000013  c_p.l(_printf_c.o)
    0x00000152   0x00000152   0x00000004   Code   RO          621    .ARM.Collect$$_printf_percent$$00000017  c_p.l(_printf_percent_end.o)
    0x00000156   0x00000156   0x00000002   Code   RO          658    .ARM.Collect$$libinit$$00000000  c_p.l(libinit.o)
    0x00000158   0x00000158   0x00000000   Code   RO          672    .ARM.Collect$$libinit$$00000002  c_p.l(libinit2.o)
    0x00000158   0x00000158   0x00000000   Code   RO          674    .ARM.Collect$$libinit$$00000004  c_p.l(libinit2.o)
    0x00000158   0x00000158   0x00000000   Code   RO          677    .ARM.Collect$$libinit$$0000000A  c_p.l(libinit2.o)
    0x00000158   0x00000158   0x00000000   Code   RO          679    .ARM.Collect$$libinit$$0000000C  c_p.l(libinit2.o)
    0x00000158   0x00000158   0x00000000   Code   RO          681    .ARM.Collect$$libinit$$0000000E  c_p.l(libinit2.o)
    0x00000158   0x00000158   0x00000000   Code   RO          684    .ARM.Collect$$libinit$$00000011  c_p.l(libinit2.o)
    0x00000158   0x00000158   0x00000000   Code   RO          686    .ARM.Collect$$libinit$$00000013  c_p.l(libinit2.o)
    0x00000158   0x00000158   0x00000000   Code   RO          688    .ARM.Collect$$libinit$$00000015  c_p.l(libinit2.o)
    0x00000158   0x00000158   0x00000000   Code   RO          690    .ARM.Collect$$libinit$$00000017  c_p.l(libinit2.o)
    0x00000158   0x00000158   0x00000000   Code   RO          692    .ARM.Collect$$libinit$$00000019  c_p.l(libinit2.o)
    0x00000158   0x00000158   0x00000000   Code   RO          694    .ARM.Collect$$libinit$$0000001B  c_p.l(libinit2.o)
    0x00000158   0x00000158   0x00000000   Code   RO          696    .ARM.Collect$$libinit$$0000001D  c_p.l(libinit2.o)
    0x00000158   0x00000158   0x00000000   Code   RO          698    .ARM.Collect$$libinit$$0000001F  c_p.l(libinit2.o)
    0x00000158   0x00000158   0x00000000   Code   RO          700    .ARM.Collect$$libinit$$00000021  c_p.l(libinit2.o)
    0x00000158   0x00000158   0x00000000   Code   RO          702    .ARM.Collect$$libinit$$00000023  c_p.l(libinit2.o)
    0x00000158   0x00000158   0x00000000   Code   RO          704    .ARM.Collect$$libinit$$00000025  c_p.l(libinit2.o)
    0x00000158   0x00000158   0x00000000   Code   RO          708    .ARM.Collect$$libinit$$0000002C  c_p.l(libinit2.o)
    0x00000158   0x00000158   0x00000000   Code   RO          710    .ARM.Collect$$libinit$$0000002E  c_p.l(libinit2.o)
    0x00000158   0x00000158   0x00000000   Code   RO          712    .ARM.Collect$$libinit$$00000030  c_p.l(libinit2.o)
    0x00000158   0x00000158   0x00000000   Code   RO          714    .ARM.Collect$$libinit$$00000032  c_p.l(libinit2.o)
    0x00000158   0x00000158   0x00000002   Code   RO          715    .ARM.Collect$$libinit$$00000033  c_p.l(libinit2.o)
    0x0000015a   0x0000015a   0x00000002   Code   RO          746    .ARM.Collect$$libshutdown$$00000000  c_p.l(libshutdown.o)
    0x0000015c   0x0000015c   0x00000000   Code   RO          772    .ARM.Collect$$libshutdown$$00000002  c_p.l(libshutdown2.o)
    0x0000015c   0x0000015c   0x00000000   Code   RO          774    .ARM.Collect$$libshutdown$$00000004  c_p.l(libshutdown2.o)
    0x0000015c   0x0000015c   0x00000000   Code   RO          776    .ARM.Collect$$libshutdown$$00000006  c_p.l(libshutdown2.o)
    0x0000015c   0x0000015c   0x00000000   Code   RO          779    .ARM.Collect$$libshutdown$$00000009  c_p.l(libshutdown2.o)
    0x0000015c   0x0000015c   0x00000000   Code   RO          782    .ARM.Collect$$libshutdown$$0000000C  c_p.l(libshutdown2.o)
    0x0000015c   0x0000015c   0x00000000   Code   RO          784    .ARM.Collect$$libshutdown$$0000000E  c_p.l(libshutdown2.o)
    0x0000015c   0x0000015c   0x00000000   Code   RO          787    .ARM.Collect$$libshutdown$$00000011  c_p.l(libshutdown2.o)
    0x0000015c   0x0000015c   0x00000002   Code   RO          788    .ARM.Collect$$libshutdown$$00000012  c_p.l(libshutdown2.o)
    0x0000015e   0x0000015e   0x00000000   Code   RO          608    .ARM.Collect$$rtentry$$00000000  c_p.l(__rtentry.o)
    0x0000015e   0x0000015e   0x00000000   Code   RO          626    .ARM.Collect$$rtentry$$00000002  c_p.l(__rtentry2.o)
    0x0000015e   0x0000015e   0x00000006   Code   RO          638    .ARM.Collect$$rtentry$$00000004  c_p.l(__rtentry4.o)
    0x00000164   0x00000164   0x00000000   Code   RO          628    .ARM.Collect$$rtentry$$00000009  c_p.l(__rtentry2.o)
    0x00000164   0x00000164   0x00000004   Code   RO          629    .ARM.Collect$$rtentry$$0000000A  c_p.l(__rtentry2.o)
    0x00000168   0x00000168   0x00000000   Code   RO          631    .ARM.Collect$$rtentry$$0000000C  c_p.l(__rtentry2.o)
    0x00000168   0x00000168   0x00000008   Code   RO          632    .ARM.Collect$$rtentry$$0000000D  c_p.l(__rtentry2.o)
    0x00000170   0x00000170   0x00000002   Code   RO          663    .ARM.Collect$$rtexit$$00000000  c_p.l(rtexit.o)
    0x00000172   0x00000172   0x00000000   Code   RO          719    .ARM.Collect$$rtexit$$00000002  c_p.l(rtexit2.o)
    0x00000172   0x00000172   0x00000004   Code   RO          720    .ARM.Collect$$rtexit$$00000003  c_p.l(rtexit2.o)
    0x00000176   0x00000176   0x00000006   Code   RO          721    .ARM.Collect$$rtexit$$00000004  c_p.l(rtexit2.o)
    0x0000017c   0x0000017c   0x00000040   Code   RO          513  * .text               startup_mkl25z4.o
    0x000001bc   0x000001bc   0x00000028   Code   RO          561    .text               c_p.l(noretval__2sprintf.o)
    0x000001e4   0x000001e4   0x0000006c   Code   RO          563    .text               c_p.l(__printf.o)
    0x00000250   0x00000250   0x00000052   Code   RO          565    .text               c_p.l(_printf_str.o)
    0x000002a2   0x000002a2   0x00000002   PAD
    0x000002a4   0x000002a4   0x0000006c   Code   RO          567    .text               c_p.l(_printf_dec.o)
    0x00000310   0x00000310   0x00000006   Code   RO          598    .text               c_p.l(heapauxi.o)
    0x00000316   0x00000316   0x00000002   PAD
    0x00000318   0x00000318   0x00000048   Code   RO          602    .text               fz_ps.l(dfixui.o)
    0x00000360   0x00000360   0x00000058   Code   RO          604    .text               fz_ps.l(dflti.o)
    0x000003b8   0x000003b8   0x00000030   Code   RO          615    .text               c_p.l(_printf_char_common.o)
    0x000003e8   0x000003e8   0x0000000a   Code   RO          617    .text               c_p.l(_sputc.o)
    0x000003f2   0x000003f2   0x00000002   PAD
    0x000003f4   0x000003f4   0x00000008   Code   RO          659    .text               c_p.l(libspace.o)
    0x000003fc   0x000003fc   0x00000002   Code   RO          735    .text               c_p.l(use_no_semi.o)
    0x000003fe   0x000003fe   0x00000000   Code   RO          737    .text               c_p.l(indicate_semi.o)
    0x000003fe   0x000003fe   0x00000000   Code   RO          624    x$fpl$usenofp       fz_ps.l(usenofp.o)
    0x000003fe   0x000003fe   0x00000002   PAD
    0x00000400   0x00000400   0x00000010   Code   RO          512    .ARM.__at_0x400     startup_mkl25z4.o
    0x00000410   0x00000410   0x00000248   Code   RO          606    .text               fz_ps.l(dmul.o)
    0x00000658   0x00000658   0x000000b0   Code   RO          613    .text               c_p.l(_printf_intcommon.o)
    0x00000708   0x00000708   0x0000002e   Code   RO          619    .text               c_p.l(_printf_char.o)
    0x00000736   0x00000736   0x00000028   Code   RO          622    .text               c_p.l(rtudiv10.o)
    0x0000075e   0x0000075e   0x0000003e   Code   RO          644    .text               c_p.l(sys_stackheap_outer.o)
    0x0000079c   0x0000079c   0x00000010   Code   RO          647    .text               c_p.l(exit.o)
    0x000007ac   0x000007ac   0x0000000c   Code   RO          716    .text               c_p.l(sys_exit.o)
    0x000007b8   0x000007b8   0x0000005c   Code   RO          382    i.Init_UART         serial.o
    0x00000814   0x00000814   0x0000004c   Code   RO          454    i.Q_Dequeue         queue.o
    0x00000860   0x00000860   0x00000010   Code   RO          455    i.Q_Empty           queue.o
    0x00000870   0x00000870   0x00000044   Code   RO          456    i.Q_Enqueue         queue.o
    0x000008b4   0x000008b4   0x00000014   Code   RO          457    i.Q_Full            queue.o
    0x000008c8   0x000008c8   0x0000001c   Code   RO          458    i.Q_Init            queue.o
    0x000008e4   0x000008e4   0x00000006   Code   RO          459    i.Q_Size            queue.o
    0x000008ea   0x000008ea   0x00000002   PAD
    0x000008ec   0x000008ec   0x00000010   Code   RO          181    i.SysTick_Handler   general.o
    0x000008fc   0x000008fc   0x0000000c   Code   RO          522    i.SystemInit        system_mkl25z4.o
    0x00000908   0x00000908   0x00000074   Code   RO          336    i.TPM1_IRQHandler   ultrasonic.o
    0x0000097c   0x0000097c   0x00000014   Code   RO            3    i.TPM2_IRQHandler   motor.o
    0x00000990   0x00000990   0x00000094   Code   RO          384    i.UART0_IRQHandler  serial.o
    0x00000a24   0x00000a24   0x0000001c   Code   RO          155    i.__ARM_common_switch8  main.o
    0x00000a40   0x00000a40   0x00000018   Code   RO          385    i.__NVIC_ClearPendingIRQ  serial.o
    0x00000a58   0x00000a58   0x00000020   Code   RO          386    i.__NVIC_EnableIRQ  serial.o
    0x00000a78   0x00000a78   0x00000078   Code   RO            4    i.__NVIC_SetPriority  motor.o
    0x00000af0   0x00000af0   0x00000078   Code   RO          337    i.__NVIC_SetPriority  ultrasonic.o
    0x00000b68   0x00000b68   0x00000078   Code   RO          387    i.__NVIC_SetPriority  serial.o
    0x00000be0   0x00000be0   0x00000058   Code   RO          388    i.carBluetoothControl  serial.o
    0x00000c38   0x00000c38   0x0000001c   Code   RO          256    i.delay_ms          lcd.o
    0x00000c54   0x00000c54   0x0000007c   Code   RO          389    i.doTxRx_task       serial.o
    0x00000cd0   0x00000cd0   0x00000178   Code   RO          216    i.flashEmergencyLights  led.o
    0x00000e48   0x00000e48   0x00000058   Code   RO            5    i.forward_motors    motor.o
    0x00000ea0   0x00000ea0   0x0000004c   Code   RO          390    i.init_bluetooth_pins  serial.o
    0x00000eec   0x00000eec   0x000001b8   Code   RO          257    i.init_lcd_pins     lcd.o
    0x000010a4   0x000010a4   0x000000c0   Code   RO          218    i.init_leds         led.o
    0x00001164   0x00001164   0x0000014c   Code   RO            7    i.init_motor_control_lines  motor.o
    0x000012b0   0x000012b0   0x000000c8   Code   RO            8    i.init_motor_timer  motor.o
    0x00001378   0x00001378   0x0000007c   Code   RO          338    i.init_ultrasonic_pins  ultrasonic.o
    0x000013f4   0x000013f4   0x000000e0   Code   RO          339    i.init_ultrasonic_timer  ultrasonic.o
    0x000014d4   0x000014d4   0x00000016   Code   RO          258    i.lcd_clear         lcd.o
    0x000014ea   0x000014ea   0x0000002a   Code   RO          259    i.lcd_goto          lcd.o
    0x00001514   0x00001514   0x0000001c   Code   RO          260    i.lcd_init          lcd.o
    0x00001530   0x00001530   0x00000048   Code   RO          263    i.lcd_write_char    lcd.o
    0x00001578   0x00001578   0x00000048   Code   RO          264    i.lcd_write_instruc  lcd.o
    0x000015c0   0x000015c0   0x0000001c   Code   RO          265    i.lcd_write_string  lcd.o
    0x000015dc   0x000015dc   0x000000cc   Code   RO          131    i.main              main.o
    0x000016a8   0x000016a8   0x0000000c   Code   RO          182    i.millis            general.o
    0x000016b4   0x000016b4   0x00000014   Code   RO            9    i.move_faster       motor.o
    0x000016c8   0x000016c8   0x000000cc   Code   RO          340    i.raise_obstacle_alarm  ultrasonic.o
    0x00001794   0x00001794   0x000000a0   Code   RO           10    i.reverse_motors    motor.o
    0x00001834   0x00001834   0x00000014   Code   RO           11    i.slow_down         motor.o
    0x00001848   0x00001848   0x00000040   Code   RO           12    i.stop_car          motor.o
    0x00001888   0x00001888   0x0000001c   Code   RO          183    i.systick_clock     general.o
    0x000018a4   0x000018a4   0x00000030   Code   RO           13    i.turn_car_left     motor.o
    0x000018d4   0x000018d4   0x00000030   Code   RO           14    i.turn_car_right    motor.o
    0x00001904   0x00001904   0x00000158   Code   RO          266    i.write_to_data_pins  lcd.o
    0x00001a5c   0x00001a5c   0x00000020   Data   RO          789    Region$$Table       anon$$obj.o


    Execution Region ER_RW (Exec base: 0x1ffff000, Load base: 0x00001a7c, Size: 0x00000034, Max: 0xffffffff, ABSOLUTE)

    Exec Addr    Load Addr    Size         Type   Attr      Idx    E Section Name        Object

    0x1ffff000   0x00001a7c   0x0000000c   Data   RW           15    .data               motor.o
    0x1ffff00c   0x00001a88   0x00000004   Data   RW          184    .data               general.o
    0x1ffff010   0x00001a8c   0x00000008   Data   RW          220    .data               led.o
    0x1ffff018   0x00001a94   0x00000018   Data   RW          341    .data               ultrasonic.o
    0x1ffff030   0x00001aac   0x00000002   Data   RW          392    .data               serial.o


    Execution Region ER_ZI (Exec base: 0x1ffff034, Load base: 0x00001ab0, Size: 0x00000384, Max: 0xffffffff, ABSOLUTE)

    Exec Addr    Load Addr    Size         Type   Attr      Idx    E Section Name        Object

    0x1ffff034        -       0x0000000a   Zero   RW          132    .bss                main.o
    0x1ffff03e   0x00001ab0   0x00000002   PAD
    0x1ffff040        -       0x00000218   Zero   RW          391    .bss                serial.o
    0x1ffff258        -       0x00000060   Zero   RW          660    .bss                c_p.l(libspace.o)
    0x1ffff2b8        -       0x00000000   Zero   RW          510    HEAP                startup_mkl25z4.o
    0x1ffff2b8        -       0x00000100   Zero   RW          509    STACK               startup_mkl25z4.o


==============================================================================

Image component sizes


      Code (inc. data)   RO Data    RW Data    ZI Data      Debug   Object Name

        56         18          0          4          0       1601   general.o
      1076         42          0          0          0       4709   lcd.o
       568         42          0          8          0       1255   led.o
       232         64          0          0         10       1976   main.o
      1120        128          0         12          0     230147   motor.o
       214          0          0          0          0       6573   queue.o
       704         96          0          2        536      12898   serial.o
        80         44        192          0        256        992   startup_mkl25z4.o
        12          4          0          0          0        497   system_mkl25z4.o
       788         84          0         24          0       3472   ultrasonic.o

    ----------------------------------------------------------------------
      4852        522        224         52        804     264120   Object Totals
         0          0         32          0          0          0   (incl. Generated)
         2          0          0          2          2          0   (incl. Padding)

    ----------------------------------------------------------------------

      Code (inc. data)   RO Data    RW Data    ZI Data      Debug   Library Member Name

         8          0          0          0          0         68   __main.o
       108          0          0          0          0         76   __printf.o
         0          0          0          0          0          0   __rtentry.o
        12          0          0          0          0          0   __rtentry2.o
         6          0          0          0          0          0   __rtentry4.o
        60          8          0          0          0          0   __scatter.o
        26          0          0          0          0          0   __scatter_copy.o
        28          0          0          0          0          0   __scatter_zi.o
        10          0          0          0          0          0   _printf_c.o
        46          0          0          0          0        100   _printf_char.o
        48          6          0          0          0         88   _printf_char_common.o
        10          0          0          0          0          0   _printf_d.o
       108         18          0          0          0         76   _printf_dec.o
       176          0          0          0          0         84   _printf_intcommon.o
         2          0          0          0          0          0   _printf_percent.o
         4          0          0          0          0          0   _printf_percent_end.o
        82          0          0          0          0         72   _printf_str.o
        10          0          0          0          0         60   _sputc.o
        16          0          0          0          0         68   exit.o
         6          0          0          0          0        136   heapauxi.o
         0          0          0          0          0          0   indicate_semi.o
         2          0          0          0          0          0   libinit.o
         2          0          0          0          0          0   libinit2.o
         2          0          0          0          0          0   libshutdown.o
         2          0          0          0          0          0   libshutdown2.o
         8          4          0          0         96         68   libspace.o
        40          4          0          0          0         84   noretval__2sprintf.o
         2          0          0          0          0          0   rtexit.o
        10          0          0          0          0          0   rtexit2.o
        40          0          0          0          0         60   rtudiv10.o
        12          4          0          0          0         60   sys_exit.o
        62          0          0          0          0         80   sys_stackheap_outer.o
         2          0          0          0          0         68   use_no_semi.o
        72          4          0          0          0         68   dfixui.o
        88          0          0          0          0         92   dflti.o
       584         26          0          0          0         84   dmul.o
         0          0          0          0          0          0   usenofp.o

    ----------------------------------------------------------------------
      1704         74          0          0         96       1492   Library Totals
        10          0          0          0          0          0   (incl. Padding)

    ----------------------------------------------------------------------

      Code (inc. data)   RO Data    RW Data    ZI Data      Debug   Library Name

       950         44          0          0         96       1248   c_p.l
       744         30          0          0          0        244   fz_ps.l

    ----------------------------------------------------------------------
      1704         74          0          0         96       1492   Library Totals

    ----------------------------------------------------------------------

==============================================================================


      Code (inc. data)   RO Data    RW Data    ZI Data      Debug   

      6556        596        224         52        900     263056   Grand Totals
      6556        596        224         52        900     263056   ELF Image Totals
      6556        596        224         52          0          0   ROM Totals

==============================================================================

    Total RO  Size (Code + RO Data)                 6780 (   6.62kB)
    Total RW  Size (RW Data + ZI Data)               952 (   0.93kB)
    Total ROM Size (Code + RO Data + RW Data)       6832 (   6.67kB)

==============================================================================

