<!doctype html public "-//w3c//dtd html 4.0 transitional//en">
<html><head>
<title>Static Call Graph - [.\Objects\serial.axf]</title></head>
<body><HR>
<H1>Static Call Graph for image .\Objects\serial.axf</H1><HR>
<BR><P>#&#060CALLGRAPH&#062# ARM Linker, 5060960: Last Updated: Fri Dec 18 00:16:24 2020
<BR><P>
<H3>Maximum Stack Usage =        248 bytes + Unknown(Functions without stacksize, Cycles, Untraceable Function Pointers)</H3><H3>
Call chain for Maximum Stack Depth:</H3>
__rt_entry_main &rArr; main &rArr; doTxRx_task &rArr; __2sprintf &rArr; _printf_char_common &rArr; __printf
<P>
<H3>
Functions with no stack information
</H3><UL>
 <LI><a href="#[32]">__user_initial_stackheap</a>
</UL>
</UL>
<P>
<H3>
Mutually Recursive functions
</H3> <LI><a href="#[6]">NMI_Handler</a>&nbsp;&nbsp;&nbsp;&rArr;&nbsp;&nbsp;&nbsp;<a href="#[6]">NMI_Handler</a><BR>
 <LI><a href="#[7]">HardFault_Handler</a>&nbsp;&nbsp;&nbsp;&rArr;&nbsp;&nbsp;&nbsp;<a href="#[7]">HardFault_Handler</a><BR>
 <LI><a href="#[8]">SVC_Handler</a>&nbsp;&nbsp;&nbsp;&rArr;&nbsp;&nbsp;&nbsp;<a href="#[8]">SVC_Handler</a><BR>
 <LI><a href="#[9]">PendSV_Handler</a>&nbsp;&nbsp;&nbsp;&rArr;&nbsp;&nbsp;&nbsp;<a href="#[9]">PendSV_Handler</a><BR>
 <LI><a href="#[a]">SysTick_Handler</a>&nbsp;&nbsp;&nbsp;&rArr;&nbsp;&nbsp;&nbsp;<a href="#[a]">SysTick_Handler</a><BR>
</UL>
<P>
<H3>
Function Pointers
</H3><UL>
 <LI><a href="#[1a]">ADC0_IRQHandler</a> from startup_mkl25z4.o(.text) referenced from startup_mkl25z4.o(RESET)
 <LI><a href="#[1b]">CMP0_IRQHandler</a> from startup_mkl25z4.o(.text) referenced from startup_mkl25z4.o(RESET)
 <LI><a href="#[24]">DAC0_IRQHandler</a> from startup_mkl25z4.o(.text) referenced from startup_mkl25z4.o(RESET)
 <LI><a href="#[b]">DMA0_IRQHandler</a> from startup_mkl25z4.o(.text) referenced from startup_mkl25z4.o(RESET)
 <LI><a href="#[c]">DMA1_IRQHandler</a> from startup_mkl25z4.o(.text) referenced from startup_mkl25z4.o(RESET)
 <LI><a href="#[d]">DMA2_IRQHandler</a> from startup_mkl25z4.o(.text) referenced from startup_mkl25z4.o(RESET)
 <LI><a href="#[e]">DMA3_IRQHandler</a> from startup_mkl25z4.o(.text) referenced from startup_mkl25z4.o(RESET)
 <LI><a href="#[2d]">DefaultISR</a> from startup_mkl25z4.o(.text) referenced from startup_mkl25z4.o(.text)
 <LI><a href="#[10]">FTFA_IRQHandler</a> from startup_mkl25z4.o(.text) referenced from startup_mkl25z4.o(RESET)
 <LI><a href="#[7]">HardFault_Handler</a> from startup_mkl25z4.o(.text) referenced from startup_mkl25z4.o(RESET)
 <LI><a href="#[13]">I2C0_IRQHandler</a> from startup_mkl25z4.o(.text) referenced from startup_mkl25z4.o(RESET)
 <LI><a href="#[14]">I2C1_IRQHandler</a> from startup_mkl25z4.o(.text) referenced from startup_mkl25z4.o(RESET)
 <LI><a href="#[12]">LLWU_IRQHandler</a> from startup_mkl25z4.o(.text) referenced from startup_mkl25z4.o(RESET)
 <LI><a href="#[27]">LPTMR0_IRQHandler</a> from startup_mkl25z4.o(.text) referenced from startup_mkl25z4.o(RESET)
 <LI><a href="#[11]">LVD_LVW_IRQHandler</a> from startup_mkl25z4.o(.text) referenced from startup_mkl25z4.o(RESET)
 <LI><a href="#[26]">MCG_IRQHandler</a> from startup_mkl25z4.o(.text) referenced from startup_mkl25z4.o(RESET)
 <LI><a href="#[6]">NMI_Handler</a> from startup_mkl25z4.o(.text) referenced from startup_mkl25z4.o(RESET)
 <LI><a href="#[21]">PIT_IRQHandler</a> from startup_mkl25z4.o(.text) referenced from startup_mkl25z4.o(RESET)
 <LI><a href="#[29]">PORTA_IRQHandler</a> from startup_mkl25z4.o(.text) referenced from startup_mkl25z4.o(RESET)
 <LI><a href="#[2a]">PORTD_IRQHandler</a> from startup_mkl25z4.o(.text) referenced from startup_mkl25z4.o(RESET)
 <LI><a href="#[9]">PendSV_Handler</a> from startup_mkl25z4.o(.text) referenced from startup_mkl25z4.o(RESET)
 <LI><a href="#[1f]">RTC_IRQHandler</a> from startup_mkl25z4.o(.text) referenced from startup_mkl25z4.o(RESET)
 <LI><a href="#[20]">RTC_Seconds_IRQHandler</a> from startup_mkl25z4.o(.text) referenced from startup_mkl25z4.o(RESET)
 <LI><a href="#[f]">Reserved20_IRQHandler</a> from startup_mkl25z4.o(.text) referenced from startup_mkl25z4.o(RESET)
 <LI><a href="#[22]">Reserved39_IRQHandler</a> from startup_mkl25z4.o(.text) referenced from startup_mkl25z4.o(RESET)
 <LI><a href="#[28]">Reserved45_IRQHandler</a> from startup_mkl25z4.o(.text) referenced from startup_mkl25z4.o(RESET)
 <LI><a href="#[30]">Reset_Handler</a> from startup_mkl25z4.o(.text) referenced from startup_mkl25z4.o(RESET)
 <LI><a href="#[15]">SPI0_IRQHandler</a> from startup_mkl25z4.o(.text) referenced from startup_mkl25z4.o(RESET)
 <LI><a href="#[16]">SPI1_IRQHandler</a> from startup_mkl25z4.o(.text) referenced from startup_mkl25z4.o(RESET)
 <LI><a href="#[8]">SVC_Handler</a> from startup_mkl25z4.o(.text) referenced from startup_mkl25z4.o(RESET)
 <LI><a href="#[a]">SysTick_Handler</a> from startup_mkl25z4.o(.text) referenced from startup_mkl25z4.o(RESET)
 <LI><a href="#[2b]">SystemInit</a> from system_mkl25z4.o(i.SystemInit) referenced from startup_mkl25z4.o(.text)
 <LI><a href="#[1c]">TPM0_IRQHandler</a> from startup_mkl25z4.o(.text) referenced from startup_mkl25z4.o(RESET)
 <LI><a href="#[1d]">TPM1_IRQHandler</a> from startup_mkl25z4.o(.text) referenced from startup_mkl25z4.o(RESET)
 <LI><a href="#[1e]">TPM2_IRQHandler</a> from startup_mkl25z4.o(.text) referenced from startup_mkl25z4.o(RESET)
 <LI><a href="#[25]">TSI0_IRQHandler</a> from startup_mkl25z4.o(.text) referenced from startup_mkl25z4.o(RESET)
 <LI><a href="#[17]">UART0_IRQHandler</a> from serial.o(i.UART0_IRQHandler) referenced from startup_mkl25z4.o(RESET)
 <LI><a href="#[18]">UART1_IRQHandler</a> from startup_mkl25z4.o(.text) referenced from startup_mkl25z4.o(RESET)
 <LI><a href="#[19]">UART2_IRQHandler</a> from startup_mkl25z4.o(.text) referenced from startup_mkl25z4.o(RESET)
 <LI><a href="#[23]">USB0_IRQHandler</a> from startup_mkl25z4.o(.text) referenced from startup_mkl25z4.o(RESET)
 <LI><a href="#[31]">__main</a> from __main.o(!!!main) referenced from startup_mkl25z4.o(.text)
 <LI><a href="#[2f]">_printf_input_char</a> from _printf_char_common.o(.text) referenced from _printf_char_common.o(.text)
 <LI><a href="#[2e]">_sputc</a> from _sputc.o(.text) referenced from noretval__2sprintf.o(.text)
</UL>
<P>
<H3>
Global Symbols
</H3>
<P><STRONG><a name="[31]"></a>__main</STRONG> (Thumb, 8 bytes, Stack size 0 bytes, __main.o(!!!main))
<BR><BR>[Calls]<UL><LI><a href="#[33]">&gt;&gt;</a>&nbsp;&nbsp;&nbsp;__scatterload
<LI><a href="#[34]">&gt;&gt;</a>&nbsp;&nbsp;&nbsp;__rt_entry
</UL>

<P><STRONG><a name="[33]"></a>__scatterload</STRONG> (Thumb, 0 bytes, Stack size unknown bytes, __scatter.o(!!!scatter))
<BR><BR>[Called By]<UL><LI><a href="#[31]">&gt;&gt;</a>&nbsp;&nbsp;&nbsp;__main
</UL>

<P><STRONG><a name="[35]"></a>__scatterload_rt2</STRONG> (Thumb, 52 bytes, Stack size unknown bytes, __scatter.o(!!!scatter), UNUSED)
<BR><BR>[Calls]<UL><LI><a href="#[34]">&gt;&gt;</a>&nbsp;&nbsp;&nbsp;__rt_entry
</UL>

<P><STRONG><a name="[63]"></a>__scatterload_rt2_thumb_only</STRONG> (Thumb, 0 bytes, Stack size unknown bytes, __scatter.o(!!!scatter), UNUSED)

<P><STRONG><a name="[64]"></a>__scatterload_null</STRONG> (Thumb, 0 bytes, Stack size unknown bytes, __scatter.o(!!!scatter), UNUSED)

<P><STRONG><a name="[36]"></a>__scatterload_copy</STRONG> (Thumb, 26 bytes, Stack size unknown bytes, __scatter_copy.o(!!handler_copy), UNUSED)
<BR><BR>[Calls]<UL><LI><a href="#[36]">&gt;&gt;</a>&nbsp;&nbsp;&nbsp;__scatterload_copy
</UL>
<BR>[Called By]<UL><LI><a href="#[36]">&gt;&gt;</a>&nbsp;&nbsp;&nbsp;__scatterload_copy
</UL>

<P><STRONG><a name="[65]"></a>__scatterload_zeroinit</STRONG> (Thumb, 28 bytes, Stack size unknown bytes, __scatter_zi.o(!!handler_zi), UNUSED)

<P><STRONG><a name="[48]"></a>_printf_percent</STRONG> (Thumb, 0 bytes, Stack size unknown bytes, _printf_percent.o(.ARM.Collect$$_printf_percent$$00000000))
<BR><BR>[Called By]<UL><LI><a href="#[47]">&gt;&gt;</a>&nbsp;&nbsp;&nbsp;__printf
</UL>

<P><STRONG><a name="[37]"></a>_printf_c</STRONG> (Thumb, 0 bytes, Stack size unknown bytes, _printf_c.o(.ARM.Collect$$_printf_percent$$00000013))
<BR><BR>[Stack]<UL><LI>Max Depth = 24 + Unknown Stack Size
<LI>Call Chain = _printf_c &rArr; _printf_char &rArr; _printf_cs_common &rArr; _printf_str
</UL>
<BR>[Calls]<UL><LI><a href="#[38]">&gt;&gt;</a>&nbsp;&nbsp;&nbsp;_printf_percent_end
<LI><a href="#[39]">&gt;&gt;</a>&nbsp;&nbsp;&nbsp;_printf_char
</UL>

<P><STRONG><a name="[38]"></a>_printf_percent_end</STRONG> (Thumb, 0 bytes, Stack size unknown bytes, _printf_percent_end.o(.ARM.Collect$$_printf_percent$$00000017))
<BR><BR>[Called By]<UL><LI><a href="#[37]">&gt;&gt;</a>&nbsp;&nbsp;&nbsp;_printf_c
</UL>

<P><STRONG><a name="[3d]"></a>__rt_lib_init</STRONG> (Thumb, 0 bytes, Stack size unknown bytes, libinit.o(.ARM.Collect$$libinit$$00000000))
<BR><BR>[Called By]<UL><LI><a href="#[3c]">&gt;&gt;</a>&nbsp;&nbsp;&nbsp;__rt_entry_li
</UL>

<P><STRONG><a name="[66]"></a>__rt_lib_init_alloca_1</STRONG> (Thumb, 0 bytes, Stack size unknown bytes, libinit2.o(.ARM.Collect$$libinit$$0000002E))

<P><STRONG><a name="[67]"></a>__rt_lib_init_argv_1</STRONG> (Thumb, 0 bytes, Stack size unknown bytes, libinit2.o(.ARM.Collect$$libinit$$0000002C))

<P><STRONG><a name="[68]"></a>__rt_lib_init_atexit_1</STRONG> (Thumb, 0 bytes, Stack size unknown bytes, libinit2.o(.ARM.Collect$$libinit$$0000001B))

<P><STRONG><a name="[69]"></a>__rt_lib_init_clock_1</STRONG> (Thumb, 0 bytes, Stack size unknown bytes, libinit2.o(.ARM.Collect$$libinit$$00000021))

<P><STRONG><a name="[6a]"></a>__rt_lib_init_cpp_1</STRONG> (Thumb, 0 bytes, Stack size unknown bytes, libinit2.o(.ARM.Collect$$libinit$$00000032))

<P><STRONG><a name="[6b]"></a>__rt_lib_init_exceptions_1</STRONG> (Thumb, 0 bytes, Stack size unknown bytes, libinit2.o(.ARM.Collect$$libinit$$00000030))

<P><STRONG><a name="[6c]"></a>__rt_lib_init_fp_1</STRONG> (Thumb, 0 bytes, Stack size unknown bytes, libinit2.o(.ARM.Collect$$libinit$$00000002))

<P><STRONG><a name="[6d]"></a>__rt_lib_init_fp_trap_1</STRONG> (Thumb, 0 bytes, Stack size unknown bytes, libinit2.o(.ARM.Collect$$libinit$$0000001F))

<P><STRONG><a name="[6e]"></a>__rt_lib_init_getenv_1</STRONG> (Thumb, 0 bytes, Stack size unknown bytes, libinit2.o(.ARM.Collect$$libinit$$00000023))

<P><STRONG><a name="[6f]"></a>__rt_lib_init_heap_1</STRONG> (Thumb, 0 bytes, Stack size unknown bytes, libinit2.o(.ARM.Collect$$libinit$$0000000A))

<P><STRONG><a name="[70]"></a>__rt_lib_init_lc_collate_1</STRONG> (Thumb, 0 bytes, Stack size unknown bytes, libinit2.o(.ARM.Collect$$libinit$$00000011))

<P><STRONG><a name="[71]"></a>__rt_lib_init_lc_ctype_1</STRONG> (Thumb, 0 bytes, Stack size unknown bytes, libinit2.o(.ARM.Collect$$libinit$$00000013))

<P><STRONG><a name="[72]"></a>__rt_lib_init_lc_monetary_1</STRONG> (Thumb, 0 bytes, Stack size unknown bytes, libinit2.o(.ARM.Collect$$libinit$$00000015))

<P><STRONG><a name="[73]"></a>__rt_lib_init_lc_numeric_1</STRONG> (Thumb, 0 bytes, Stack size unknown bytes, libinit2.o(.ARM.Collect$$libinit$$00000017))

<P><STRONG><a name="[74]"></a>__rt_lib_init_lc_time_1</STRONG> (Thumb, 0 bytes, Stack size unknown bytes, libinit2.o(.ARM.Collect$$libinit$$00000019))

<P><STRONG><a name="[75]"></a>__rt_lib_init_preinit_1</STRONG> (Thumb, 0 bytes, Stack size unknown bytes, libinit2.o(.ARM.Collect$$libinit$$00000004))

<P><STRONG><a name="[76]"></a>__rt_lib_init_rand_1</STRONG> (Thumb, 0 bytes, Stack size unknown bytes, libinit2.o(.ARM.Collect$$libinit$$0000000E))

<P><STRONG><a name="[77]"></a>__rt_lib_init_return</STRONG> (Thumb, 0 bytes, Stack size unknown bytes, libinit2.o(.ARM.Collect$$libinit$$00000033))

<P><STRONG><a name="[78]"></a>__rt_lib_init_signal_1</STRONG> (Thumb, 0 bytes, Stack size unknown bytes, libinit2.o(.ARM.Collect$$libinit$$0000001D))

<P><STRONG><a name="[79]"></a>__rt_lib_init_stdio_1</STRONG> (Thumb, 0 bytes, Stack size unknown bytes, libinit2.o(.ARM.Collect$$libinit$$00000025))

<P><STRONG><a name="[7a]"></a>__rt_lib_init_user_alloc_1</STRONG> (Thumb, 0 bytes, Stack size unknown bytes, libinit2.o(.ARM.Collect$$libinit$$0000000C))

<P><STRONG><a name="[42]"></a>__rt_lib_shutdown</STRONG> (Thumb, 0 bytes, Stack size unknown bytes, libshutdown.o(.ARM.Collect$$libshutdown$$00000000))
<BR><BR>[Called By]<UL><LI><a href="#[41]">&gt;&gt;</a>&nbsp;&nbsp;&nbsp;__rt_exit_ls
</UL>

<P><STRONG><a name="[7b]"></a>__rt_lib_shutdown_cpp_1</STRONG> (Thumb, 0 bytes, Stack size unknown bytes, libshutdown2.o(.ARM.Collect$$libshutdown$$00000004))

<P><STRONG><a name="[7c]"></a>__rt_lib_shutdown_fini_1</STRONG> (Thumb, 0 bytes, Stack size unknown bytes, libshutdown2.o(.ARM.Collect$$libshutdown$$00000002))

<P><STRONG><a name="[7d]"></a>__rt_lib_shutdown_fp_trap_1</STRONG> (Thumb, 0 bytes, Stack size unknown bytes, libshutdown2.o(.ARM.Collect$$libshutdown$$00000009))

<P><STRONG><a name="[7e]"></a>__rt_lib_shutdown_heap_1</STRONG> (Thumb, 0 bytes, Stack size unknown bytes, libshutdown2.o(.ARM.Collect$$libshutdown$$00000011))

<P><STRONG><a name="[7f]"></a>__rt_lib_shutdown_return</STRONG> (Thumb, 0 bytes, Stack size unknown bytes, libshutdown2.o(.ARM.Collect$$libshutdown$$00000012))

<P><STRONG><a name="[80]"></a>__rt_lib_shutdown_signal_1</STRONG> (Thumb, 0 bytes, Stack size unknown bytes, libshutdown2.o(.ARM.Collect$$libshutdown$$0000000C))

<P><STRONG><a name="[81]"></a>__rt_lib_shutdown_stdio_1</STRONG> (Thumb, 0 bytes, Stack size unknown bytes, libshutdown2.o(.ARM.Collect$$libshutdown$$00000006))

<P><STRONG><a name="[82]"></a>__rt_lib_shutdown_user_alloc_1</STRONG> (Thumb, 0 bytes, Stack size unknown bytes, libshutdown2.o(.ARM.Collect$$libshutdown$$0000000E))

<P><STRONG><a name="[34]"></a>__rt_entry</STRONG> (Thumb, 0 bytes, Stack size unknown bytes, __rtentry.o(.ARM.Collect$$rtentry$$00000000))
<BR><BR>[Called By]<UL><LI><a href="#[35]">&gt;&gt;</a>&nbsp;&nbsp;&nbsp;__scatterload_rt2
<LI><a href="#[31]">&gt;&gt;</a>&nbsp;&nbsp;&nbsp;__main
</UL>

<P><STRONG><a name="[83]"></a>__rt_entry_presh_1</STRONG> (Thumb, 0 bytes, Stack size unknown bytes, __rtentry2.o(.ARM.Collect$$rtentry$$00000002))

<P><STRONG><a name="[3a]"></a>__rt_entry_sh</STRONG> (Thumb, 0 bytes, Stack size unknown bytes, __rtentry4.o(.ARM.Collect$$rtentry$$00000004))
<BR><BR>[Stack]<UL><LI>Max Depth = 8 + Unknown Stack Size
<LI>Call Chain = __rt_entry_sh &rArr; __user_setup_stackheap
</UL>
<BR>[Calls]<UL><LI><a href="#[3b]">&gt;&gt;</a>&nbsp;&nbsp;&nbsp;__user_setup_stackheap
</UL>

<P><STRONG><a name="[3c]"></a>__rt_entry_li</STRONG> (Thumb, 0 bytes, Stack size unknown bytes, __rtentry2.o(.ARM.Collect$$rtentry$$0000000A))
<BR><BR>[Calls]<UL><LI><a href="#[3d]">&gt;&gt;</a>&nbsp;&nbsp;&nbsp;__rt_lib_init
</UL>

<P><STRONG><a name="[84]"></a>__rt_entry_postsh_1</STRONG> (Thumb, 0 bytes, Stack size unknown bytes, __rtentry2.o(.ARM.Collect$$rtentry$$00000009))

<P><STRONG><a name="[3e]"></a>__rt_entry_main</STRONG> (Thumb, 0 bytes, Stack size unknown bytes, __rtentry2.o(.ARM.Collect$$rtentry$$0000000D))
<BR><BR>[Stack]<UL><LI>Max Depth = 248 + Unknown Stack Size
<LI>Call Chain = __rt_entry_main &rArr; main &rArr; doTxRx_task &rArr; __2sprintf &rArr; _printf_char_common &rArr; __printf
</UL>
<BR>[Calls]<UL><LI><a href="#[40]">&gt;&gt;</a>&nbsp;&nbsp;&nbsp;exit
<LI><a href="#[3f]">&gt;&gt;</a>&nbsp;&nbsp;&nbsp;main
</UL>

<P><STRONG><a name="[85]"></a>__rt_entry_postli_1</STRONG> (Thumb, 0 bytes, Stack size unknown bytes, __rtentry2.o(.ARM.Collect$$rtentry$$0000000C))

<P><STRONG><a name="[51]"></a>__rt_exit</STRONG> (Thumb, 0 bytes, Stack size unknown bytes, rtexit.o(.ARM.Collect$$rtexit$$00000000))
<BR><BR>[Called By]<UL><LI><a href="#[40]">&gt;&gt;</a>&nbsp;&nbsp;&nbsp;exit
</UL>

<P><STRONG><a name="[41]"></a>__rt_exit_ls</STRONG> (Thumb, 0 bytes, Stack size unknown bytes, rtexit2.o(.ARM.Collect$$rtexit$$00000003))
<BR><BR>[Calls]<UL><LI><a href="#[42]">&gt;&gt;</a>&nbsp;&nbsp;&nbsp;__rt_lib_shutdown
</UL>

<P><STRONG><a name="[86]"></a>__rt_exit_prels_1</STRONG> (Thumb, 0 bytes, Stack size unknown bytes, rtexit2.o(.ARM.Collect$$rtexit$$00000002))

<P><STRONG><a name="[43]"></a>__rt_exit_exit</STRONG> (Thumb, 0 bytes, Stack size unknown bytes, rtexit2.o(.ARM.Collect$$rtexit$$00000004))
<BR><BR>[Calls]<UL><LI><a href="#[44]">&gt;&gt;</a>&nbsp;&nbsp;&nbsp;_sys_exit
</UL>

<P><STRONG><a name="[62]"></a>__aeabi_memcpy4</STRONG> (Thumb, 56 bytes, Stack size 0 bytes, rt_memcpy.o(.emb_text))
<BR><BR>[Called By]<UL><LI><a href="#[3f]">&gt;&gt;</a>&nbsp;&nbsp;&nbsp;main
</UL>

<P><STRONG><a name="[87]"></a>__aeabi_memcpy8</STRONG> (Thumb, 0 bytes, Stack size 0 bytes, rt_memcpy.o(.emb_text), UNUSED)

<P><STRONG><a name="[30]"></a>Reset_Handler</STRONG> (Thumb, 12 bytes, Stack size 0 bytes, startup_mkl25z4.o(.text))

<P><STRONG><a name="[6]"></a>NMI_Handler</STRONG> (Thumb, 2 bytes, Stack size 0 bytes, startup_mkl25z4.o(.text))
<BR><BR>[Calls]<UL><LI><a href="#[6]">&gt;&gt;</a>&nbsp;&nbsp;&nbsp;NMI_Handler
</UL>
<BR>[Called By]<UL><LI><a href="#[6]">&gt;&gt;</a>&nbsp;&nbsp;&nbsp;NMI_Handler
</UL>
<BR>[Address Reference Count : 1]<UL><LI> startup_mkl25z4.o(RESET)
</UL>
<P><STRONG><a name="[7]"></a>HardFault_Handler</STRONG> (Thumb, 2 bytes, Stack size 0 bytes, startup_mkl25z4.o(.text))
<BR><BR>[Calls]<UL><LI><a href="#[7]">&gt;&gt;</a>&nbsp;&nbsp;&nbsp;HardFault_Handler
</UL>
<BR>[Called By]<UL><LI><a href="#[7]">&gt;&gt;</a>&nbsp;&nbsp;&nbsp;HardFault_Handler
</UL>
<BR>[Address Reference Count : 1]<UL><LI> startup_mkl25z4.o(RESET)
</UL>
<P><STRONG><a name="[8]"></a>SVC_Handler</STRONG> (Thumb, 2 bytes, Stack size 0 bytes, startup_mkl25z4.o(.text))
<BR><BR>[Calls]<UL><LI><a href="#[8]">&gt;&gt;</a>&nbsp;&nbsp;&nbsp;SVC_Handler
</UL>
<BR>[Called By]<UL><LI><a href="#[8]">&gt;&gt;</a>&nbsp;&nbsp;&nbsp;SVC_Handler
</UL>
<BR>[Address Reference Count : 1]<UL><LI> startup_mkl25z4.o(RESET)
</UL>
<P><STRONG><a name="[9]"></a>PendSV_Handler</STRONG> (Thumb, 2 bytes, Stack size 0 bytes, startup_mkl25z4.o(.text))
<BR><BR>[Calls]<UL><LI><a href="#[9]">&gt;&gt;</a>&nbsp;&nbsp;&nbsp;PendSV_Handler
</UL>
<BR>[Called By]<UL><LI><a href="#[9]">&gt;&gt;</a>&nbsp;&nbsp;&nbsp;PendSV_Handler
</UL>
<BR>[Address Reference Count : 1]<UL><LI> startup_mkl25z4.o(RESET)
</UL>
<P><STRONG><a name="[a]"></a>SysTick_Handler</STRONG> (Thumb, 2 bytes, Stack size 0 bytes, startup_mkl25z4.o(.text))
<BR><BR>[Calls]<UL><LI><a href="#[a]">&gt;&gt;</a>&nbsp;&nbsp;&nbsp;SysTick_Handler
</UL>
<BR>[Called By]<UL><LI><a href="#[a]">&gt;&gt;</a>&nbsp;&nbsp;&nbsp;SysTick_Handler
</UL>
<BR>[Address Reference Count : 1]<UL><LI> startup_mkl25z4.o(RESET)
</UL>
<P><STRONG><a name="[1a]"></a>ADC0_IRQHandler</STRONG> (Thumb, 0 bytes, Stack size 0 bytes, startup_mkl25z4.o(.text))
<BR>[Address Reference Count : 1]<UL><LI> startup_mkl25z4.o(RESET)
</UL>
<P><STRONG><a name="[1b]"></a>CMP0_IRQHandler</STRONG> (Thumb, 0 bytes, Stack size 0 bytes, startup_mkl25z4.o(.text))
<BR>[Address Reference Count : 1]<UL><LI> startup_mkl25z4.o(RESET)
</UL>
<P><STRONG><a name="[24]"></a>DAC0_IRQHandler</STRONG> (Thumb, 0 bytes, Stack size 0 bytes, startup_mkl25z4.o(.text))
<BR>[Address Reference Count : 1]<UL><LI> startup_mkl25z4.o(RESET)
</UL>
<P><STRONG><a name="[b]"></a>DMA0_IRQHandler</STRONG> (Thumb, 0 bytes, Stack size 0 bytes, startup_mkl25z4.o(.text))
<BR>[Address Reference Count : 1]<UL><LI> startup_mkl25z4.o(RESET)
</UL>
<P><STRONG><a name="[c]"></a>DMA1_IRQHandler</STRONG> (Thumb, 0 bytes, Stack size 0 bytes, startup_mkl25z4.o(.text))
<BR>[Address Reference Count : 1]<UL><LI> startup_mkl25z4.o(RESET)
</UL>
<P><STRONG><a name="[d]"></a>DMA2_IRQHandler</STRONG> (Thumb, 0 bytes, Stack size 0 bytes, startup_mkl25z4.o(.text))
<BR>[Address Reference Count : 1]<UL><LI> startup_mkl25z4.o(RESET)
</UL>
<P><STRONG><a name="[e]"></a>DMA3_IRQHandler</STRONG> (Thumb, 0 bytes, Stack size 0 bytes, startup_mkl25z4.o(.text))
<BR>[Address Reference Count : 1]<UL><LI> startup_mkl25z4.o(RESET)
</UL>
<P><STRONG><a name="[2d]"></a>DefaultISR</STRONG> (Thumb, 0 bytes, Stack size 0 bytes, startup_mkl25z4.o(.text))
<BR>[Address Reference Count : 1]<UL><LI> startup_mkl25z4.o(.text)
</UL>
<P><STRONG><a name="[10]"></a>FTFA_IRQHandler</STRONG> (Thumb, 0 bytes, Stack size 0 bytes, startup_mkl25z4.o(.text))
<BR>[Address Reference Count : 1]<UL><LI> startup_mkl25z4.o(RESET)
</UL>
<P><STRONG><a name="[13]"></a>I2C0_IRQHandler</STRONG> (Thumb, 0 bytes, Stack size 0 bytes, startup_mkl25z4.o(.text))
<BR>[Address Reference Count : 1]<UL><LI> startup_mkl25z4.o(RESET)
</UL>
<P><STRONG><a name="[14]"></a>I2C1_IRQHandler</STRONG> (Thumb, 0 bytes, Stack size 0 bytes, startup_mkl25z4.o(.text))
<BR>[Address Reference Count : 1]<UL><LI> startup_mkl25z4.o(RESET)
</UL>
<P><STRONG><a name="[12]"></a>LLWU_IRQHandler</STRONG> (Thumb, 0 bytes, Stack size 0 bytes, startup_mkl25z4.o(.text))
<BR>[Address Reference Count : 1]<UL><LI> startup_mkl25z4.o(RESET)
</UL>
<P><STRONG><a name="[27]"></a>LPTMR0_IRQHandler</STRONG> (Thumb, 0 bytes, Stack size 0 bytes, startup_mkl25z4.o(.text))
<BR>[Address Reference Count : 1]<UL><LI> startup_mkl25z4.o(RESET)
</UL>
<P><STRONG><a name="[11]"></a>LVD_LVW_IRQHandler</STRONG> (Thumb, 0 bytes, Stack size 0 bytes, startup_mkl25z4.o(.text))
<BR>[Address Reference Count : 1]<UL><LI> startup_mkl25z4.o(RESET)
</UL>
<P><STRONG><a name="[26]"></a>MCG_IRQHandler</STRONG> (Thumb, 0 bytes, Stack size 0 bytes, startup_mkl25z4.o(.text))
<BR>[Address Reference Count : 1]<UL><LI> startup_mkl25z4.o(RESET)
</UL>
<P><STRONG><a name="[21]"></a>PIT_IRQHandler</STRONG> (Thumb, 0 bytes, Stack size 0 bytes, startup_mkl25z4.o(.text))
<BR>[Address Reference Count : 1]<UL><LI> startup_mkl25z4.o(RESET)
</UL>
<P><STRONG><a name="[29]"></a>PORTA_IRQHandler</STRONG> (Thumb, 0 bytes, Stack size 0 bytes, startup_mkl25z4.o(.text))
<BR>[Address Reference Count : 1]<UL><LI> startup_mkl25z4.o(RESET)
</UL>
<P><STRONG><a name="[2a]"></a>PORTD_IRQHandler</STRONG> (Thumb, 0 bytes, Stack size 0 bytes, startup_mkl25z4.o(.text))
<BR>[Address Reference Count : 1]<UL><LI> startup_mkl25z4.o(RESET)
</UL>
<P><STRONG><a name="[1f]"></a>RTC_IRQHandler</STRONG> (Thumb, 0 bytes, Stack size 0 bytes, startup_mkl25z4.o(.text))
<BR>[Address Reference Count : 1]<UL><LI> startup_mkl25z4.o(RESET)
</UL>
<P><STRONG><a name="[20]"></a>RTC_Seconds_IRQHandler</STRONG> (Thumb, 0 bytes, Stack size 0 bytes, startup_mkl25z4.o(.text))
<BR>[Address Reference Count : 1]<UL><LI> startup_mkl25z4.o(RESET)
</UL>
<P><STRONG><a name="[f]"></a>Reserved20_IRQHandler</STRONG> (Thumb, 0 bytes, Stack size 0 bytes, startup_mkl25z4.o(.text))
<BR>[Address Reference Count : 1]<UL><LI> startup_mkl25z4.o(RESET)
</UL>
<P><STRONG><a name="[22]"></a>Reserved39_IRQHandler</STRONG> (Thumb, 0 bytes, Stack size 0 bytes, startup_mkl25z4.o(.text))
<BR>[Address Reference Count : 1]<UL><LI> startup_mkl25z4.o(RESET)
</UL>
<P><STRONG><a name="[28]"></a>Reserved45_IRQHandler</STRONG> (Thumb, 0 bytes, Stack size 0 bytes, startup_mkl25z4.o(.text))
<BR>[Address Reference Count : 1]<UL><LI> startup_mkl25z4.o(RESET)
</UL>
<P><STRONG><a name="[15]"></a>SPI0_IRQHandler</STRONG> (Thumb, 0 bytes, Stack size 0 bytes, startup_mkl25z4.o(.text))
<BR>[Address Reference Count : 1]<UL><LI> startup_mkl25z4.o(RESET)
</UL>
<P><STRONG><a name="[16]"></a>SPI1_IRQHandler</STRONG> (Thumb, 0 bytes, Stack size 0 bytes, startup_mkl25z4.o(.text))
<BR>[Address Reference Count : 1]<UL><LI> startup_mkl25z4.o(RESET)
</UL>
<P><STRONG><a name="[1c]"></a>TPM0_IRQHandler</STRONG> (Thumb, 0 bytes, Stack size 0 bytes, startup_mkl25z4.o(.text))
<BR>[Address Reference Count : 1]<UL><LI> startup_mkl25z4.o(RESET)
</UL>
<P><STRONG><a name="[1d]"></a>TPM1_IRQHandler</STRONG> (Thumb, 0 bytes, Stack size 0 bytes, startup_mkl25z4.o(.text))
<BR>[Address Reference Count : 1]<UL><LI> startup_mkl25z4.o(RESET)
</UL>
<P><STRONG><a name="[1e]"></a>TPM2_IRQHandler</STRONG> (Thumb, 0 bytes, Stack size 0 bytes, startup_mkl25z4.o(.text))
<BR>[Address Reference Count : 1]<UL><LI> startup_mkl25z4.o(RESET)
</UL>
<P><STRONG><a name="[25]"></a>TSI0_IRQHandler</STRONG> (Thumb, 0 bytes, Stack size 0 bytes, startup_mkl25z4.o(.text))
<BR>[Address Reference Count : 1]<UL><LI> startup_mkl25z4.o(RESET)
</UL>
<P><STRONG><a name="[18]"></a>UART1_IRQHandler</STRONG> (Thumb, 0 bytes, Stack size 0 bytes, startup_mkl25z4.o(.text))
<BR>[Address Reference Count : 1]<UL><LI> startup_mkl25z4.o(RESET)
</UL>
<P><STRONG><a name="[19]"></a>UART2_IRQHandler</STRONG> (Thumb, 0 bytes, Stack size 0 bytes, startup_mkl25z4.o(.text))
<BR>[Address Reference Count : 1]<UL><LI> startup_mkl25z4.o(RESET)
</UL>
<P><STRONG><a name="[23]"></a>USB0_IRQHandler</STRONG> (Thumb, 0 bytes, Stack size 0 bytes, startup_mkl25z4.o(.text))
<BR>[Address Reference Count : 1]<UL><LI> startup_mkl25z4.o(RESET)
</UL>
<P><STRONG><a name="[32]"></a>__user_initial_stackheap</STRONG> (Thumb, 0 bytes, Stack size unknown bytes, startup_mkl25z4.o(.text))
<BR><BR>[Called By]<UL><LI><a href="#[3b]">&gt;&gt;</a>&nbsp;&nbsp;&nbsp;__user_setup_stackheap
</UL>

<P><STRONG><a name="[45]"></a>__2sprintf</STRONG> (Thumb, 36 bytes, Stack size 32 bytes, noretval__2sprintf.o(.text))
<BR><BR>[Stack]<UL><LI>Max Depth = 120 + Unknown Stack Size
<LI>Call Chain = __2sprintf &rArr; _printf_char_common &rArr; __printf
</UL>
<BR>[Calls]<UL><LI><a href="#[2e]">&gt;&gt;</a>&nbsp;&nbsp;&nbsp;_sputc
<LI><a href="#[46]">&gt;&gt;</a>&nbsp;&nbsp;&nbsp;_printf_char_common
</UL>
<BR>[Called By]<UL><LI><a href="#[5c]">&gt;&gt;</a>&nbsp;&nbsp;&nbsp;doTxRx_task
</UL>

<P><STRONG><a name="[47]"></a>__printf</STRONG> (Thumb, 108 bytes, Stack size 24 bytes, __printf.o(.text))
<BR><BR>[Stack]<UL><LI>Max Depth = 24 + Unknown Stack Size
<LI>Call Chain = __printf
</UL>
<BR>[Calls]<UL><LI><a href="#[48]">&gt;&gt;</a>&nbsp;&nbsp;&nbsp;_printf_percent
</UL>
<BR>[Called By]<UL><LI><a href="#[46]">&gt;&gt;</a>&nbsp;&nbsp;&nbsp;_printf_char_common
</UL>

<P><STRONG><a name="[49]"></a>_printf_str</STRONG> (Thumb, 82 bytes, Stack size 16 bytes, _printf_str.o(.text))
<BR><BR>[Stack]<UL><LI>Max Depth = 16<LI>Call Chain = _printf_str
</UL>
<BR>[Calls]<UL><LI><a href="#[4a]">&gt;&gt;</a>&nbsp;&nbsp;&nbsp;_printf_pre_padding (Weak Reference)
<LI><a href="#[4b]">&gt;&gt;</a>&nbsp;&nbsp;&nbsp;_printf_post_padding (Weak Reference)
</UL>
<BR>[Called By]<UL><LI><a href="#[4c]">&gt;&gt;</a>&nbsp;&nbsp;&nbsp;_printf_cs_common
</UL>

<P><STRONG><a name="[88]"></a>__use_two_region_memory</STRONG> (Thumb, 2 bytes, Stack size 0 bytes, heapauxi.o(.text), UNUSED)

<P><STRONG><a name="[89]"></a>__rt_heap_escrow$2region</STRONG> (Thumb, 2 bytes, Stack size 0 bytes, heapauxi.o(.text), UNUSED)

<P><STRONG><a name="[8a]"></a>__rt_heap_expand$2region</STRONG> (Thumb, 2 bytes, Stack size 0 bytes, heapauxi.o(.text), UNUSED)

<P><STRONG><a name="[46]"></a>_printf_char_common</STRONG> (Thumb, 32 bytes, Stack size 64 bytes, _printf_char_common.o(.text))
<BR><BR>[Stack]<UL><LI>Max Depth = 88 + Unknown Stack Size
<LI>Call Chain = _printf_char_common &rArr; __printf
</UL>
<BR>[Calls]<UL><LI><a href="#[47]">&gt;&gt;</a>&nbsp;&nbsp;&nbsp;__printf
</UL>
<BR>[Called By]<UL><LI><a href="#[45]">&gt;&gt;</a>&nbsp;&nbsp;&nbsp;__2sprintf
</UL>

<P><STRONG><a name="[2e]"></a>_sputc</STRONG> (Thumb, 10 bytes, Stack size 0 bytes, _sputc.o(.text))
<BR><BR>[Called By]<UL><LI><a href="#[45]">&gt;&gt;</a>&nbsp;&nbsp;&nbsp;__2sprintf
</UL>
<BR>[Address Reference Count : 1]<UL><LI> noretval__2sprintf.o(.text)
</UL>
<P><STRONG><a name="[4c]"></a>_printf_cs_common</STRONG> (Thumb, 22 bytes, Stack size 8 bytes, _printf_char.o(.text))
<BR><BR>[Stack]<UL><LI>Max Depth = 24<LI>Call Chain = _printf_cs_common &rArr; _printf_str
</UL>
<BR>[Calls]<UL><LI><a href="#[4d]">&gt;&gt;</a>&nbsp;&nbsp;&nbsp;_printf_mbtowc (Weak Reference)
<LI><a href="#[49]">&gt;&gt;</a>&nbsp;&nbsp;&nbsp;_printf_str
</UL>
<BR>[Called By]<UL><LI><a href="#[4e]">&gt;&gt;</a>&nbsp;&nbsp;&nbsp;_printf_string
<LI><a href="#[39]">&gt;&gt;</a>&nbsp;&nbsp;&nbsp;_printf_char
</UL>

<P><STRONG><a name="[39]"></a>_printf_char</STRONG> (Thumb, 16 bytes, Stack size 0 bytes, _printf_char.o(.text))
<BR><BR>[Stack]<UL><LI>Max Depth = 24<LI>Call Chain = _printf_char &rArr; _printf_cs_common &rArr; _printf_str
</UL>
<BR>[Calls]<UL><LI><a href="#[4c]">&gt;&gt;</a>&nbsp;&nbsp;&nbsp;_printf_cs_common
</UL>
<BR>[Called By]<UL><LI><a href="#[37]">&gt;&gt;</a>&nbsp;&nbsp;&nbsp;_printf_c
</UL>

<P><STRONG><a name="[4e]"></a>_printf_string</STRONG> (Thumb, 8 bytes, Stack size 0 bytes, _printf_char.o(.text), UNUSED)
<BR><BR>[Calls]<UL><LI><a href="#[4c]">&gt;&gt;</a>&nbsp;&nbsp;&nbsp;_printf_cs_common
</UL>

<P><STRONG><a name="[3b]"></a>__user_setup_stackheap</STRONG> (Thumb, 62 bytes, Stack size 8 bytes, sys_stackheap_outer.o(.text))
<BR><BR>[Stack]<UL><LI>Max Depth = 8 + Unknown Stack Size
<LI>Call Chain = __user_setup_stackheap
</UL>
<BR>[Calls]<UL><LI><a href="#[4f]">&gt;&gt;</a>&nbsp;&nbsp;&nbsp;__user_perproc_libspace
<LI><a href="#[32]">&gt;&gt;</a>&nbsp;&nbsp;&nbsp;__user_initial_stackheap
</UL>
<BR>[Called By]<UL><LI><a href="#[3a]">&gt;&gt;</a>&nbsp;&nbsp;&nbsp;__rt_entry_sh
</UL>

<P><STRONG><a name="[40]"></a>exit</STRONG> (Thumb, 16 bytes, Stack size 8 bytes, exit.o(.text))
<BR><BR>[Stack]<UL><LI>Max Depth = 8 + Unknown Stack Size
<LI>Call Chain = exit
</UL>
<BR>[Calls]<UL><LI><a href="#[51]">&gt;&gt;</a>&nbsp;&nbsp;&nbsp;__rt_exit
<LI><a href="#[50]">&gt;&gt;</a>&nbsp;&nbsp;&nbsp;_call_atexit_fns (Weak Reference)
</UL>
<BR>[Called By]<UL><LI><a href="#[3e]">&gt;&gt;</a>&nbsp;&nbsp;&nbsp;__rt_entry_main
</UL>

<P><STRONG><a name="[8b]"></a>__user_libspace</STRONG> (Thumb, 8 bytes, Stack size 0 bytes, libspace.o(.text), UNUSED)

<P><STRONG><a name="[4f]"></a>__user_perproc_libspace</STRONG> (Thumb, 0 bytes, Stack size 0 bytes, libspace.o(.text))
<BR><BR>[Called By]<UL><LI><a href="#[3b]">&gt;&gt;</a>&nbsp;&nbsp;&nbsp;__user_setup_stackheap
</UL>

<P><STRONG><a name="[8c]"></a>__user_perthread_libspace</STRONG> (Thumb, 0 bytes, Stack size 0 bytes, libspace.o(.text), UNUSED)

<P><STRONG><a name="[44]"></a>_sys_exit</STRONG> (Thumb, 8 bytes, Stack size 0 bytes, sys_exit.o(.text))
<BR><BR>[Called By]<UL><LI><a href="#[43]">&gt;&gt;</a>&nbsp;&nbsp;&nbsp;__rt_exit_exit
</UL>

<P><STRONG><a name="[8d]"></a>__I$use$semihosting</STRONG> (Thumb, 0 bytes, Stack size 0 bytes, use_no_semi.o(.text), UNUSED)

<P><STRONG><a name="[8e]"></a>__use_no_semihosting_swi</STRONG> (Thumb, 2 bytes, Stack size 0 bytes, use_no_semi.o(.text), UNUSED)

<P><STRONG><a name="[8f]"></a>__semihosting_library_function</STRONG> (Thumb, 0 bytes, Stack size unknown bytes, indicate_semi.o(.text), UNUSED)

<P><STRONG><a name="[5e]"></a>Control_RGB_LEDs</STRONG> (Thumb, 70 bytes, Stack size 8 bytes, serial.o(i.Control_RGB_LEDs))
<BR><BR>[Stack]<UL><LI>Max Depth = 8<LI>Call Chain = Control_RGB_LEDs
</UL>
<BR>[Called By]<UL><LI><a href="#[5b]">&gt;&gt;</a>&nbsp;&nbsp;&nbsp;lightLED
</UL>

<P><STRONG><a name="[5d]"></a>Q_Size</STRONG> (Thumb, 6 bytes, Stack size 0 bytes, queue.o(i.Q_Size))
<BR><BR>[Called By]<UL><LI><a href="#[5c]">&gt;&gt;</a>&nbsp;&nbsp;&nbsp;doTxRx_task
</UL>

<P><STRONG><a name="[61]"></a>Init_RGB_LEDs</STRONG> (Thumb, 124 bytes, Stack size 0 bytes, serial.o(i.Init_RGB_LEDs))
<BR><BR>[Called By]<UL><LI><a href="#[3f]">&gt;&gt;</a>&nbsp;&nbsp;&nbsp;main
</UL>

<P><STRONG><a name="[52]"></a>Init_UART</STRONG> (Thumb, 72 bytes, Stack size 8 bytes, serial.o(i.Init_UART))
<BR><BR>[Stack]<UL><LI>Max Depth = 16<LI>Call Chain = Init_UART &rArr; __NVIC_SetPriority
</UL>
<BR>[Calls]<UL><LI><a href="#[53]">&gt;&gt;</a>&nbsp;&nbsp;&nbsp;__NVIC_SetPriority
<LI><a href="#[55]">&gt;&gt;</a>&nbsp;&nbsp;&nbsp;__NVIC_EnableIRQ
<LI><a href="#[54]">&gt;&gt;</a>&nbsp;&nbsp;&nbsp;__NVIC_ClearPendingIRQ
</UL>
<BR>[Called By]<UL><LI><a href="#[3f]">&gt;&gt;</a>&nbsp;&nbsp;&nbsp;main
</UL>

<P><STRONG><a name="[56]"></a>Q_Dequeue</STRONG> (Thumb, 76 bytes, Stack size 12 bytes, queue.o(i.Q_Dequeue))
<BR><BR>[Stack]<UL><LI>Max Depth = 12<LI>Call Chain = Q_Dequeue
</UL>
<BR>[Calls]<UL><LI><a href="#[57]">&gt;&gt;</a>&nbsp;&nbsp;&nbsp;Q_Empty
</UL>
<BR>[Called By]<UL><LI><a href="#[5c]">&gt;&gt;</a>&nbsp;&nbsp;&nbsp;doTxRx_task
<LI><a href="#[17]">&gt;&gt;</a>&nbsp;&nbsp;&nbsp;UART0_IRQHandler
<LI><a href="#[5a]">&gt;&gt;</a>&nbsp;&nbsp;&nbsp;Send_String
</UL>

<P><STRONG><a name="[57]"></a>Q_Empty</STRONG> (Thumb, 16 bytes, Stack size 0 bytes, queue.o(i.Q_Empty))
<BR><BR>[Called By]<UL><LI><a href="#[17]">&gt;&gt;</a>&nbsp;&nbsp;&nbsp;UART0_IRQHandler
<LI><a href="#[56]">&gt;&gt;</a>&nbsp;&nbsp;&nbsp;Q_Dequeue
</UL>

<P><STRONG><a name="[58]"></a>Q_Enqueue</STRONG> (Thumb, 68 bytes, Stack size 12 bytes, queue.o(i.Q_Enqueue))
<BR><BR>[Stack]<UL><LI>Max Depth = 12<LI>Call Chain = Q_Enqueue
</UL>
<BR>[Calls]<UL><LI><a href="#[59]">&gt;&gt;</a>&nbsp;&nbsp;&nbsp;Q_Full
</UL>
<BR>[Called By]<UL><LI><a href="#[5c]">&gt;&gt;</a>&nbsp;&nbsp;&nbsp;doTxRx_task
<LI><a href="#[17]">&gt;&gt;</a>&nbsp;&nbsp;&nbsp;UART0_IRQHandler
<LI><a href="#[5a]">&gt;&gt;</a>&nbsp;&nbsp;&nbsp;Send_String
</UL>

<P><STRONG><a name="[59]"></a>Q_Full</STRONG> (Thumb, 20 bytes, Stack size 0 bytes, queue.o(i.Q_Full))
<BR><BR>[Called By]<UL><LI><a href="#[5c]">&gt;&gt;</a>&nbsp;&nbsp;&nbsp;doTxRx_task
<LI><a href="#[17]">&gt;&gt;</a>&nbsp;&nbsp;&nbsp;UART0_IRQHandler
<LI><a href="#[5a]">&gt;&gt;</a>&nbsp;&nbsp;&nbsp;Send_String
<LI><a href="#[58]">&gt;&gt;</a>&nbsp;&nbsp;&nbsp;Q_Enqueue
</UL>

<P><STRONG><a name="[5f]"></a>Q_Init</STRONG> (Thumb, 28 bytes, Stack size 0 bytes, queue.o(i.Q_Init))
<BR><BR>[Called By]<UL><LI><a href="#[3f]">&gt;&gt;</a>&nbsp;&nbsp;&nbsp;main
</UL>

<P><STRONG><a name="[5a]"></a>Send_String</STRONG> (Thumb, 70 bytes, Stack size 8 bytes, serial.o(i.Send_String))
<BR><BR>[Stack]<UL><LI>Max Depth = 20<LI>Call Chain = Send_String &rArr; Q_Enqueue
</UL>
<BR>[Calls]<UL><LI><a href="#[59]">&gt;&gt;</a>&nbsp;&nbsp;&nbsp;Q_Full
<LI><a href="#[58]">&gt;&gt;</a>&nbsp;&nbsp;&nbsp;Q_Enqueue
<LI><a href="#[56]">&gt;&gt;</a>&nbsp;&nbsp;&nbsp;Q_Dequeue
</UL>
<BR>[Called By]<UL><LI><a href="#[3f]">&gt;&gt;</a>&nbsp;&nbsp;&nbsp;main
</UL>

<P><STRONG><a name="[2b]"></a>SystemInit</STRONG> (Thumb, 8 bytes, Stack size 0 bytes, system_mkl25z4.o(i.SystemInit))
<BR>[Address Reference Count : 1]<UL><LI> startup_mkl25z4.o(.text)
</UL>
<P><STRONG><a name="[17]"></a>UART0_IRQHandler</STRONG> (Thumb, 130 bytes, Stack size 8 bytes, serial.o(i.UART0_IRQHandler))
<BR><BR>[Stack]<UL><LI>Max Depth = 20<LI>Call Chain = UART0_IRQHandler &rArr; lightLED &rArr; Control_RGB_LEDs
</UL>
<BR>[Calls]<UL><LI><a href="#[5b]">&gt;&gt;</a>&nbsp;&nbsp;&nbsp;lightLED
<LI><a href="#[59]">&gt;&gt;</a>&nbsp;&nbsp;&nbsp;Q_Full
<LI><a href="#[58]">&gt;&gt;</a>&nbsp;&nbsp;&nbsp;Q_Enqueue
<LI><a href="#[57]">&gt;&gt;</a>&nbsp;&nbsp;&nbsp;Q_Empty
<LI><a href="#[56]">&gt;&gt;</a>&nbsp;&nbsp;&nbsp;Q_Dequeue
</UL>
<BR>[Address Reference Count : 1]<UL><LI> startup_mkl25z4.o(RESET)
</UL>
<P><STRONG><a name="[5c]"></a>doTxRx_task</STRONG> (Thumb, 94 bytes, Stack size 96 bytes, serial.o(i.doTxRx_task))
<BR><BR>[Stack]<UL><LI>Max Depth = 216 + Unknown Stack Size
<LI>Call Chain = doTxRx_task &rArr; __2sprintf &rArr; _printf_char_common &rArr; __printf
</UL>
<BR>[Calls]<UL><LI><a href="#[45]">&gt;&gt;</a>&nbsp;&nbsp;&nbsp;__2sprintf
<LI><a href="#[5d]">&gt;&gt;</a>&nbsp;&nbsp;&nbsp;Q_Size
<LI><a href="#[59]">&gt;&gt;</a>&nbsp;&nbsp;&nbsp;Q_Full
<LI><a href="#[58]">&gt;&gt;</a>&nbsp;&nbsp;&nbsp;Q_Enqueue
<LI><a href="#[56]">&gt;&gt;</a>&nbsp;&nbsp;&nbsp;Q_Dequeue
</UL>
<BR>[Called By]<UL><LI><a href="#[3f]">&gt;&gt;</a>&nbsp;&nbsp;&nbsp;main
</UL>

<P><STRONG><a name="[60]"></a>init_pins</STRONG> (Thumb, 68 bytes, Stack size 0 bytes, serial.o(i.init_pins))
<BR><BR>[Called By]<UL><LI><a href="#[3f]">&gt;&gt;</a>&nbsp;&nbsp;&nbsp;main
</UL>

<P><STRONG><a name="[5b]"></a>lightLED</STRONG> (Thumb, 88 bytes, Stack size 4 bytes, serial.o(i.lightLED))
<BR><BR>[Stack]<UL><LI>Max Depth = 12<LI>Call Chain = lightLED &rArr; Control_RGB_LEDs
</UL>
<BR>[Calls]<UL><LI><a href="#[5e]">&gt;&gt;</a>&nbsp;&nbsp;&nbsp;Control_RGB_LEDs
</UL>
<BR>[Called By]<UL><LI><a href="#[17]">&gt;&gt;</a>&nbsp;&nbsp;&nbsp;UART0_IRQHandler
</UL>

<P><STRONG><a name="[3f]"></a>main</STRONG> (Thumb, 50 bytes, Stack size 32 bytes, serial.o(i.main))
<BR><BR>[Stack]<UL><LI>Max Depth = 248 + Unknown Stack Size
<LI>Call Chain = main &rArr; doTxRx_task &rArr; __2sprintf &rArr; _printf_char_common &rArr; __printf
</UL>
<BR>[Calls]<UL><LI><a href="#[62]">&gt;&gt;</a>&nbsp;&nbsp;&nbsp;__aeabi_memcpy4
<LI><a href="#[60]">&gt;&gt;</a>&nbsp;&nbsp;&nbsp;init_pins
<LI><a href="#[5c]">&gt;&gt;</a>&nbsp;&nbsp;&nbsp;doTxRx_task
<LI><a href="#[5a]">&gt;&gt;</a>&nbsp;&nbsp;&nbsp;Send_String
<LI><a href="#[52]">&gt;&gt;</a>&nbsp;&nbsp;&nbsp;Init_UART
<LI><a href="#[61]">&gt;&gt;</a>&nbsp;&nbsp;&nbsp;Init_RGB_LEDs
<LI><a href="#[5f]">&gt;&gt;</a>&nbsp;&nbsp;&nbsp;Q_Init
</UL>
<BR>[Called By]<UL><LI><a href="#[3e]">&gt;&gt;</a>&nbsp;&nbsp;&nbsp;__rt_entry_main
</UL>
<P>
<H3>
Local Symbols
</H3>
<P><STRONG><a name="[54]"></a>__NVIC_ClearPendingIRQ</STRONG> (Thumb, 18 bytes, Stack size 0 bytes, serial.o(i.__NVIC_ClearPendingIRQ))
<BR><BR>[Called By]<UL><LI><a href="#[52]">&gt;&gt;</a>&nbsp;&nbsp;&nbsp;Init_UART
</UL>

<P><STRONG><a name="[55]"></a>__NVIC_EnableIRQ</STRONG> (Thumb, 26 bytes, Stack size 0 bytes, serial.o(i.__NVIC_EnableIRQ))
<BR><BR>[Called By]<UL><LI><a href="#[52]">&gt;&gt;</a>&nbsp;&nbsp;&nbsp;Init_UART
</UL>

<P><STRONG><a name="[53]"></a>__NVIC_SetPriority</STRONG> (Thumb, 110 bytes, Stack size 8 bytes, serial.o(i.__NVIC_SetPriority))
<BR><BR>[Stack]<UL><LI>Max Depth = 8<LI>Call Chain = __NVIC_SetPriority
</UL>
<BR>[Called By]<UL><LI><a href="#[52]">&gt;&gt;</a>&nbsp;&nbsp;&nbsp;Init_UART
</UL>

<P><STRONG><a name="[2f]"></a>_printf_input_char</STRONG> (Thumb, 10 bytes, Stack size 0 bytes, _printf_char_common.o(.text))
<BR>[Address Reference Count : 1]<UL><LI> _printf_char_common.o(.text)
</UL><P>
<H3>
Undefined Global Symbols
</H3>
<P><STRONG><a name="[50]"></a>_call_atexit_fns</STRONG> (ARM, 0 bytes, Stack size 0 bytes, UNDEFINED)
<BR><BR>[Called By]<UL><LI><a href="#[40]">&gt;&gt;</a>&nbsp;&nbsp;&nbsp;exit
</UL>

<P><STRONG><a name="[4d]"></a>_printf_mbtowc</STRONG> (ARM, 0 bytes, Stack size 0 bytes, UNDEFINED)
<BR><BR>[Called By]<UL><LI><a href="#[4c]">&gt;&gt;</a>&nbsp;&nbsp;&nbsp;_printf_cs_common
</UL>

<P><STRONG><a name="[4b]"></a>_printf_post_padding</STRONG> (ARM, 0 bytes, Stack size 0 bytes, UNDEFINED)
<BR><BR>[Called By]<UL><LI><a href="#[49]">&gt;&gt;</a>&nbsp;&nbsp;&nbsp;_printf_str
</UL>

<P><STRONG><a name="[4a]"></a>_printf_pre_padding</STRONG> (ARM, 0 bytes, Stack size 0 bytes, UNDEFINED)
<BR><BR>[Called By]<UL><LI><a href="#[49]">&gt;&gt;</a>&nbsp;&nbsp;&nbsp;_printf_str
</UL>
<HR></body></html>
