<html>
<body>
<pre>
<h1>µVision Build Log</h1>
<h2>Tool Versions:</h2>
IDE-Version: µVision V5.31.0.0
Copyright (C) 2020 ARM Ltd and ARM Germany GmbH. All rights reserved.
License Information: selorm lodonu, Hewlett-Packard, LIC=----
 
Tool Versions:
Toolchain:       MDK-Lite  Version: 5.31.0.0
Toolchain Path:  C:\Keil_v5\ARM\ARMCC\Bin
C Compiler:      Armcc.exe V5.06 update 6 (build 750)
Assembler:       Armasm.exe V5.06 update 6 (build 750)
Linker/Locator:  ArmLink.exe V5.06 update 6 (build 750)
Library Manager: ArmAr.exe V5.06 update 6 (build 750)
Hex Converter:   FromElf.exe V5.06 update 6 (build 750)
CPU DLL:         SARMCM3.DLL V5.31.0.0
Dialog DLL:      DARMCM1.DLL V1.19.3.0
Target DLL:      CMSIS_AGDI.dll V1.32.6.0
Dialog DLL:      TARMCM1.DLL V1.14.2.0
 
<h2>Project:</h2>
C:\Users\selor\Desktop\Hannah\Embedded\embedded-systems-labs\nxp-midsem.uvprojx
Project File Date:  10/23/2020

<h2>Output:</h2>
*** Using Compiler 'V5.06 update 6 (build 750)', folder: 'C:\Keil_v5\ARM\ARMCC\Bin'
Build target 'Target 1'
compiling squarewave.c...
squarewave.c(1): warning:  #14-D: extra text after expected end of preprocessing directive
  #include <MKL25Z4.h>>
squarewave.c(22): warning:  #1295-D: Deprecated declaration systick_clock - give arg types
  void systick_clock();
squarewave.c(23): warning:  #1295-D: Deprecated declaration millis - give arg types
  unsigned long millis();
squarewave.c(25): warning:  #1295-D: Deprecated declaration flashLED - give arg types
  void flashLED();
squarewave.c(26): warning:  #1295-D: Deprecated declaration check_input_statusA - give arg types
  void check_input_statusA();
squarewave.c(27): warning:  #1295-D: Deprecated declaration check_input_statusB - give arg types
  void check_input_statusB();
squarewave.c(28): warning:  #1295-D: Deprecated declaration flashLEDother - give arg types
  void flashLEDother();
squarewave.c(29): warning:  #1295-D: Deprecated declaration generateWave10 - give arg types
  void generateWave10();
squarewave.c(30): warning:  #1295-D: Deprecated declaration generateWave01 - give arg types
  void generateWave01();
squarewave.c(31): warning:  #1295-D: Deprecated declaration generateWave11 - give arg types
  void generateWave11();
squarewave.c(32): warning:  #1295-D: Deprecated declaration generateWave00 - give arg types
  void generateWave00();
squarewave.c: 11 warnings, 0 errors
linking...
Program Size: Code=1632 RO-data=224 RW-data=52 ZI-data=356  
".\Objects\nxp-midsem.axf" - 0 Error(s), 11 Warning(s).

<h2>Software Packages used:</h2>

Package Vendor: ARM
                http://www.keil.com/pack/ARM.CMSIS.5.7.0.pack
                ARM.CMSIS.5.7.0
                CMSIS (Cortex Microcontroller Software Interface Standard)
   * Component: CORE Version: 5.4.0

Package Vendor: Keil
                http://www.keil.com/pack/Keil.Kinetis_KLxx_DFP.1.15.0.pack
                Keil.Kinetis_KLxx_DFP.1.15.0
                NXP Kinetis KLxx Series Device Support and Examples
   * Component: Startup Version: 2.5.0

<h2>Collection of Component include folders:</h2>
  .\RTE\Device\MKL25Z128xxx4
  .\RTE\_Target_1
  C:\Users\selor\AppData\Local\Arm\Packs\ARM\CMSIS\5.7.0\CMSIS\Core\Include
  C:\Users\selor\AppData\Local\Arm\Packs\Keil\Kinetis_KLxx_DFP\1.15.0\Device\Include

<h2>Collection of Component Files used:</h2>

   * Component: ARM::CMSIS:CORE:5.4.0

   * Component: Keil::Device:Startup:2.5.0
      Source file:   Device\Source\system_MKL25Z4.c
      Include file:  Device\Source\system_MKL25Z4.h
      Source file:   Device\Source\ARM\startup_MKL25Z4.s
Build Time Elapsed:  00:00:01
</pre>
</body>
</html>
